Component: ARM Compiler 5.06 update 7 (build 960) Tool: armlink [4d3601]

==============================================================================

Section Cross References

    startup_stm32f10x_md.o(STACK) refers (Special) to heapauxi.o(.text) for __use_two_region_memory
    startup_stm32f10x_md.o(HEAP) refers (Special) to heapauxi.o(.text) for __use_two_region_memory
    startup_stm32f10x_md.o(RESET) refers (Special) to heapauxi.o(.text) for __use_two_region_memory
    startup_stm32f10x_md.o(RESET) refers to startup_stm32f10x_md.o(STACK) for __initial_sp
    startup_stm32f10x_md.o(RESET) refers to startup_stm32f10x_md.o(.text) for Reset_Handler
    startup_stm32f10x_md.o(RESET) refers to stm32f10x_it.o(i.NMI_Handler) for NMI_Handler
    startup_stm32f10x_md.o(RESET) refers to stm32f10x_it.o(i.HardFault_Handler) for HardFault_Handler
    startup_stm32f10x_md.o(RESET) refers to stm32f10x_it.o(i.MemManage_Handler) for MemManage_Handler
    startup_stm32f10x_md.o(RESET) refers to stm32f10x_it.o(i.BusFault_Handler) for BusFault_Handler
    startup_stm32f10x_md.o(RESET) refers to stm32f10x_it.o(i.UsageFault_Handler) for UsageFault_Handler
    startup_stm32f10x_md.o(RESET) refers to stm32f10x_it.o(i.SVC_Handler) for SVC_Handler
    startup_stm32f10x_md.o(RESET) refers to stm32f10x_it.o(i.DebugMon_Handler) for DebugMon_Handler
    startup_stm32f10x_md.o(RESET) refers to stm32f10x_it.o(i.PendSV_Handler) for PendSV_Handler
    startup_stm32f10x_md.o(RESET) refers to stm32f10x_it.o(i.SysTick_Handler) for SysTick_Handler
    startup_stm32f10x_md.o(RESET) refers to encoder.o(i.EXTI3_IRQHandler) for EXTI3_IRQHandler
    startup_stm32f10x_md.o(RESET) refers to uart.o(i.USART1_IRQHandler) for USART1_IRQHandler
    startup_stm32f10x_md.o(.text) refers (Special) to heapauxi.o(.text) for __use_two_region_memory
    startup_stm32f10x_md.o(.text) refers to system_stm32f10x.o(i.SystemInit) for SystemInit
    startup_stm32f10x_md.o(.text) refers to __main.o(!!!main) for __main
    startup_stm32f10x_md.o(.text) refers to startup_stm32f10x_md.o(HEAP) for Heap_Mem
    startup_stm32f10x_md.o(.text) refers to startup_stm32f10x_md.o(STACK) for Stack_Mem
    system_stm32f10x.o(i.SetSysClock) refers to system_stm32f10x.o(i.SetSysClockTo72) for SetSysClockTo72
    system_stm32f10x.o(i.SystemCoreClockUpdate) refers to system_stm32f10x.o(.data) for SystemCoreClock
    system_stm32f10x.o(i.SystemInit) refers to system_stm32f10x.o(i.SetSysClock) for SetSysClock
    main.o(i.SensorTask) refers to systick.o(i.GetSysTick) for GetSysTick
    main.o(i.SensorTask) refers to adc.o(i.ADC1_ReadChannel_Average) for ADC1_ReadChannel_Average
    main.o(i.SensorTask) refers to dht11.o(i.DHT11_Read) for DHT11_Read
    main.o(i.SensorTask) refers to app_data.o(i.Data_UpdateStatus) for Data_UpdateStatus
    main.o(i.SensorTask) refers to app_data.o(i.Data_ReportStatusChange) for Data_ReportStatusChange
    main.o(i.SensorTask) refers to app_data.o(i.Data_ActuatorHandler) for Data_ActuatorHandler
    main.o(i.SensorTask) refers to actuator.o(i.AutoControl) for AutoControl
    main.o(i.SensorTask) refers to main.o(.data) for last_adc
    main.o(i.SensorTask) refers to app_data.o(.bss) for g_sensor
    main.o(i.SensorTask) refers to app_data.o(.data) for g_sensor_ready
    main.o(i.main) refers to system_stm32f10x.o(i.SystemInit) for SystemInit
    main.o(i.main) refers to misc.o(i.NVIC_PriorityGroupConfig) for NVIC_PriorityGroupConfig
    main.o(i.main) refers to systick.o(i.SysTick_Init) for SysTick_Init
    main.o(i.main) refers to uart.o(i.UART1_Init) for UART1_Init
    main.o(i.main) refers to key.o(i.KEY_Init) for KEY_Init
    main.o(i.main) refers to adc.o(i.ADC1_Init) for ADC1_Init
    main.o(i.main) refers to dht11.o(i.DHT11_Init) for DHT11_Init
    main.o(i.main) refers to encoder.o(i.Encoder_Init) for Encoder_Init
    main.o(i.main) refers to bsp_flash.o(i.Flash_LoadThreshold) for Flash_LoadThreshold
    main.o(i.main) refers to app_state.o(i.StateMachine_Init) for StateMachine_Init
    main.o(i.main) refers to bsp_pwm.o(i.PWM_Init) for PWM_Init
    main.o(i.main) refers to buzzer.o(i.Buzzer_Init) for Buzzer_Init
    main.o(i.main) refers to servo.o(i.Servo_Init) for Servo_Init
    main.o(i.main) refers to actuator.o(i.Actuator_Init) for Actuator_Init
    main.o(i.main) refers to stm32f10x_rcc.o(i.RCC_APB2PeriphClockCmd) for RCC_APB2PeriphClockCmd
    main.o(i.main) refers to stm32f10x_gpio.o(i.GPIO_Init) for GPIO_Init
    main.o(i.main) refers to stm32f10x_gpio.o(i.GPIO_ResetBits) for GPIO_ResetBits
    main.o(i.main) refers to stm32f10x_gpio.o(i.GPIO_SetBits) for GPIO_SetBits
    main.o(i.main) refers to systick.o(i.DelayMs) for DelayMs
    main.o(i.main) refers to oled.o(i.OLED_Init) for OLED_Init
    main.o(i.main) refers to oled.o(i.OLED_ShowString) for OLED_ShowString
    main.o(i.main) refers to uart.o(i.UART1_SendString) for UART1_SendString
    main.o(i.main) refers to uart.o(i.UART_CheckFrame) for UART_CheckFrame
[...]
    i.DebugMon_Handler                       0x080017ec   Section        0  stm32f10x_it.o(i.DebugMon_Handler)
    i.DelayMs                                0x080017ee   Section        0  systick.o(i.DelayMs)
    i.DrawAdjustScreen                       0x08001808   Section        0  app_state.o(i.DrawAdjustScreen)
    DrawAdjustScreen                         0x08001809   Thumb Code   320  app_state.o(i.DrawAdjustScreen)
    i.DrawAlarmScreen                        0x080019a8   Section        0  app_state.o(i.DrawAlarmScreen)
    DrawAlarmScreen                          0x080019a9   Thumb Code   160  app_state.o(i.DrawAlarmScreen)
    i.DrawMainScreen                         0x08001aa8   Section        0  app_state.o(i.DrawMainScreen)
    DrawMainScreen                           0x08001aa9   Thumb Code   258  app_state.o(i.DrawMainScreen)
    i.DrawSelectScreen                       0x08001bf8   Section        0  app_state.o(i.DrawSelectScreen)
    DrawSelectScreen                         0x08001bf9   Thumb Code    72  app_state.o(i.DrawSelectScreen)
    i.EXTI3_IRQHandler                       0x08001c50   Section        0  encoder.o(i.EXTI3_IRQHandler)
    i.EXTI_ClearITPendingBit                 0x08001cb0   Section        0  stm32f10x_exti.o(i.EXTI_ClearITPendingBit)
    i.EXTI_GetITStatus                       0x08001cbc   Section        0  stm32f10x_exti.o(i.EXTI_GetITStatus)
    i.EXTI_Init                              0x08001ce4   Section        0  stm32f10x_exti.o(i.EXTI_Init)
    i.Encoder_GetEvent                       0x08001d78   Section        0  encoder.o(i.Encoder_GetEvent)
    i.Encoder_Init                           0x08001d88   Section        0  encoder.o(i.Encoder_Init)
    i.FLASH_ErasePage                        0x08001e04   Section        0  stm32f10x_flash.o(i.FLASH_ErasePage)
    i.FLASH_GetBank1Status                   0x08001e50   Section        0  stm32f10x_flash.o(i.FLASH_GetBank1Status)
    i.FLASH_Lock                             0x08001e84   Section        0  stm32f10x_flash.o(i.FLASH_Lock)
    i.FLASH_ProgramWord                      0x08001e98   Section        0  stm32f10x_flash.o(i.FLASH_ProgramWord)
    i.FLASH_Unlock                           0x08001f04   Section        0  stm32f10x_flash.o(i.FLASH_Unlock)
    i.FLASH_WaitForLastOperation             0x08001f1c   Section        0  stm32f10x_flash.o(i.FLASH_WaitForLastOperation)
    i.Fan_Off                                0x08001f44   Section        0  actuator.o(i.Fan_Off)
    i.Fan_On                                 0x08001f54   Section        0  actuator.o(i.Fan_On)
    i.Flash_LoadThreshold                    0x08001f64   Section        0  bsp_flash.o(i.Flash_LoadThreshold)
    i.Flash_SaveThreshold                    0x08001ff8   Section        0  bsp_flash.o(i.Flash_SaveThreshold)
    i.GPIO_EXTILineConfig                    0x080020ac   Section        0  stm32f10x_gpio.o(i.GPIO_EXTILineConfig)
    i.GPIO_Init                              0x080020ec   Section        0  stm32f10x_gpio.o(i.GPIO_Init)
    i.GPIO_PinRemapConfig                    0x08002204   Section        0  stm32f10x_gpio.o(i.GPIO_PinRemapConfig)
    i.GPIO_ReadInputDataBit                  0x08002294   Section        0  stm32f10x_gpio.o(i.GPIO_ReadInputDataBit)
    i.GPIO_ResetBits                         0x080022a6   Section        0  stm32f10x_gpio.o(i.GPIO_ResetBits)
    i.GPIO_SetBits                           0x080022aa   Section        0  stm32f10x_gpio.o(i.GPIO_SetBits)
    i.GPIO_WriteBit                          0x080022ae   Section        0  stm32f10x_gpio.o(i.GPIO_WriteBit)
    i.GetSysTick                             0x080022b8   Section        0  systick.o(i.GetSysTick)
    i.HardFault_Handler                      0x080022c4   Section        0  stm32f10x_it.o(i.HardFault_Handler)
    i.Humidifier_Off                         0x080022c8   Section        0  actuator.o(i.Humidifier_Off)
    i.Humidifier_On                          0x080022dc   Section        0  actuator.o(i.Humidifier_On)
    i.JudgeStatus                            0x080022f0   Section        0  app_data.o(i.JudgeStatus)
    JudgeStatus                              0x080022f1   Thumb Code   122  app_data.o(i.JudgeStatus)
    i.KEY1_GetEvent                          0x0800236c   Section        0  key.o(i.KEY1_GetEvent)
    i.KEY2_GetEvent                          0x0800242c   Section        0  key.o(i.KEY2_GetEvent)
    i.KEY_Init                               0x080024f0   Section        0  key.o(i.KEY_Init)
    i.LightControl                           0x0800252c   Section        0  app_data.o(i.LightControl)
    i.MemManage_Handler                      0x080025e0   Section        0  stm32f10x_it.o(i.MemManage_Handler)
    i.NMI_Handler                            0x080025e4   Section        0  stm32f10x_it.o(i.NMI_Handler)
    i.NVIC_Init                              0x080025e8   Section        0  misc.o(i.NVIC_Init)
    i.NVIC_PriorityGroupConfig               0x08002658   Section        0  misc.o(i.NVIC_PriorityGroupConfig)
    i.NVIC_SetPriority                       0x0800266c   Section        0  systick.o(i.NVIC_SetPriority)
    NVIC_SetPriority                         0x0800266d   Thumb Code    32  systick.o(i.NVIC_SetPriority)
    i.OLED_Clear                             0x08002694   Section        0  oled.o(i.OLED_Clear)
    i.OLED_I2C_Init                          0x080026c0   Section        0  oled.o(i.OLED_I2C_Init)
    i.OLED_I2C_SendByte                      0x08002718   Section        0  oled.o(i.OLED_I2C_SendByte)
    i.OLED_I2C_Start                         0x08002770   Section        0  oled.o(i.OLED_I2C_Start)
    i.OLED_I2C_Stop                          0x080027a4   Section        0  oled.o(i.OLED_I2C_Stop)
    i.OLED_Init                              0x080027cc   Section        0  oled.o(i.OLED_Init)
    i.OLED_Pow                               0x0800287a   Section        0  oled.o(i.OLED_Pow)
    i.OLED_SetCursor                         0x0800288e   Section        0  oled.o(i.OLED_SetCursor)
    i.OLED_ShowChar                          0x080028b0   Section        0  oled.o(i.OLED_ShowChar)
    i.OLED_ShowNum                           0x08002924   Section        0  oled.o(i.OLED_ShowNum)
    i.OLED_ShowString                        0x08002968   Section        0  oled.o(i.OLED_ShowString)
    i.OLED_WriteCommand                      0x08002990   Section        0  oled.o(i.OLED_WriteCommand)
    i.OLED_WriteData                         0x080029b0   Section        0  oled.o(i.OLED_WriteData)
    i.PWM_GetDuty                            0x080029d0   Section        0  bsp_pwm.o(i.PWM_GetDuty)
    i.PWM_Init                               0x080029dc   Section        0  bsp_pwm.o(i.PWM_Init)
    i.PWM_SetDuty                            0x08002a6c   Section        0  bsp_pwm.o(i.PWM_SetDuty)
    i.PendSV_Handler                         0x08002a9c   Section        0  stm32f10x_it.o(i.PendSV_Handler)
    i.Pump_Off                               0x08002aa0   Section        0  actuator.o(i.Pump_Off)
    i.Pump_On                                0x08002ab4   Section        0  actuator.o(i.Pump_On)
    i.RCC_APB1PeriphClockCmd                 0x08002ac8   Section        0  stm32f10x_rcc.o(i.RCC_APB1PeriphClockCmd)
    i.RCC_APB2PeriphClockCmd                 0x08002ae8   Section        0  stm32f10x_rcc.o(i.RCC_APB2PeriphClockCmd)
    i.RCC_APB2PeriphResetCmd                 0x08002b08   Section        0  stm32f10x_rcc.o(i.RCC_APB2PeriphResetCmd)
    i.RCC_GetClocksFreq                      0x08002b28   Section        0  stm32f10x_rcc.o(i.RCC_GetClocksFreq)
    i.SVC_Handler                            0x08002bfc   Section        0  stm32f10x_it.o(i.SVC_Handler)
    i.SensorTask                             0x08002c00   Section        0  main.o(i.SensorTask)
    i.Servo_Init                             0x08002cf8   Section        0  servo.o(i.Servo_Init)
    i.Servo_SetAngle                         0x08002d90   Section        0  servo.o(i.Servo_SetAngle)
    i.SetSysClock                            0x08002dbc   Section        0  system_stm32f10x.o(i.SetSysClock)
    SetSysClock                              0x08002dbd   Thumb Code     8  system_stm32f10x.o(i.SetSysClock)
    i.SetSysClockTo72                        0x08002dc4   Section        0  system_stm32f10x.o(i.SetSysClockTo72)
    SetSysClockTo72                          0x08002dc5   Thumb Code   214  system_stm32f10x.o(i.SetSysClockTo72)
    i.StateMachine_Init                      0x08002ea4   Section        0  app_state.o(i.StateMachine_Init)
    i.StateMachine_Run                       0x08002ec8   Section        0  app_state.o(i.StateMachine_Run)
    i.State_Adjust                           0x08002f38   Section        0  app_state.o(i.State_Adjust)
    State_Adjust                             0x08002f39   Thumb Code   214  app_state.o(i.State_Adjust)
    i.State_AlarmEnv                         0x08003034   Section        0  app_state.o(i.State_AlarmEnv)
    State_AlarmEnv                           0x08003035   Thumb Code   108  app_state.o(i.State_AlarmEnv)
    i.State_Main                             0x080030e8   Section        0  app_state.o(i.State_Main)
    State_Main                               0x080030e9   Thumb Code    86  app_state.o(i.State_Main)
    i.State_Select                           0x08003150   Section        0  app_state.o(i.State_Select)
    State_Select                             0x08003151   Thumb Code   108  app_state.o(i.State_Select)
    i.SysTick_Handler                        0x080031cc   Section        0  stm32f10x_it.o(i.SysTick_Handler)
    i.SysTick_Handler_Callback               0x080031d4   Section        0  systick.o(i.SysTick_Handler_Callback)
    i.SysTick_Init                           0x080031e4   Section        0  systick.o(i.SysTick_Init)
    i.SystemInit                             0x08003238   Section        0  system_stm32f10x.o(i.SystemInit)
    i.TIM_ARRPreloadConfig                   0x08003298   Section        0  stm32f10x_tim.o(i.TIM_ARRPreloadConfig)
    i.TIM_Cmd                                0x080032b0   Section        0  stm32f10x_tim.o(i.TIM_Cmd)
    i.TIM_CtrlPWMOutputs                     0x080032c8   Section        0  stm32f10x_tim.o(i.TIM_CtrlPWMOutputs)
    i.TIM_OC1Init                            0x080032e8   Section        0  stm32f10x_tim.o(i.TIM_OC1Init)
    i.TIM_OC1PreloadConfig                   0x08003380   Section        0  stm32f10x_tim.o(i.TIM_OC1PreloadConfig)
    i.TIM_OC2Init                            0x08003394   Section        0  stm32f10x_tim.o(i.TIM_OC2Init)
    i.TIM_OC2PreloadConfig                   0x08003438   Section        0  stm32f10x_tim.o(i.TIM_OC2PreloadConfig)
    i.TIM_SetCompare1                        0x08003452   Section        0  stm32f10x_tim.o(i.TIM_SetCompare1)
    i.TIM_SetCompare2                        0x08003456   Section        0  stm32f10x_tim.o(i.TIM_SetCompare2)
    i.TIM_TimeBaseInit                       0x0800345c   Section        0  stm32f10x_tim.o(i.TIM_TimeBaseInit)
    i.UART1_Init                             0x08003500   Section        0  uart.o(i.UART1_Init)
    i.UART1_SendByte                         0x080035a4   Section        0  uart.o(i.UART1_SendByte)
    i.UART1_SendString                       0x080035c4   Section        0  uart.o(i.UART1_SendString)
    i.UART_CheckFrame                        0x080035f8   Section        0  uart.o(i.UART_CheckFrame)
    i.UART_GetControlMode                    0x08003638   Section        0  app_uart_protocol.o(i.UART_GetControlMode)
    i.UART_Protocol_Handler                  0x08003644   Section        0  app_uart_protocol.o(i.UART_Protocol_Handler)
    i.USART1_IRQHandler                      0x08003904   Section        0  uart.o(i.USART1_IRQHandler)
    i.USART_ClearFlag                        0x08003978   Section        0  stm32f10x_usart.o(i.USART_ClearFlag)
    i.USART_ClearITPendingBit                0x0800398a   Section        0  stm32f10x_usart.o(i.USART_ClearITPendingBit)
    i.USART_Cmd                              0x080039a8   Section        0  stm32f10x_usart.o(i.USART_Cmd)
    i.USART_GetFlagStatus                    0x080039c0   Section        0  stm32f10x_usart.o(i.USART_GetFlagStatus)
    i.USART_GetITStatus                      0x080039da   Section        0  stm32f10x_usart.o(i.USART_GetITStatus)
    i.USART_ITConfig                         0x08003a2e   Section        0  stm32f10x_usart.o(i.USART_ITConfig)
    i.USART_Init                             0x08003a78   Section        0  stm32f10x_usart.o(i.USART_Init)
    i.USART_ReceiveData                      0x08003b50   Section        0  stm32f10x_usart.o(i.USART_ReceiveData)
    i.USART_SendData                         0x08003b5a   Section        0  stm32f10x_usart.o(i.USART_SendData)
    i.UsageFault_Handler                     0x08003b62   Section        0  stm32f10x_it.o(i.UsageFault_Handler)
    i.main                                   0x08003b68   Section        0  main.o(i.main)
    locale$$code                             0x08003c2c   Section       44  lc_ctype_c.o(locale$$code)
    x$fpl$fadd                               0x08003c58   Section      196  faddsub_clz.o(x$fpl$fadd)
    _fadd1                                   0x08003c67   Thumb Code     0  faddsub_clz.o(x$fpl$fadd)
    x$fpl$fcmpinf                            0x08003d1c   Section       24  fcmpi.o(x$fpl$fcmpinf)
    x$fpl$fdiv                               0x08003d34   Section      388  fdiv.o(x$fpl$fdiv)
    _fdiv1                                   0x08003d35   Thumb Code     0  fdiv.o(x$fpl$fdiv)
    x$fpl$ffix                               0x08003eb8   Section       54  ffix.o(x$fpl$ffix)
    x$fpl$ffixu                              0x08003ef0   Section       62  ffixu.o(x$fpl$ffixu)
    x$fpl$fflt                               0x08003f30   Section       48  fflt_clz.o(x$fpl$fflt)
    x$fpl$ffltu                              0x08003f60   Section       38  fflt_clz.o(x$fpl$ffltu)
    x$fpl$fleqf                              0x08003f88   Section      104  fleqf.o(x$fpl$fleqf)
    x$fpl$fmul                               0x08003ff0   Section      258  fmul.o(x$fpl$fmul)
    x$fpl$fnaninf                            0x080040f2   Section      140  fnaninf.o(x$fpl$fnaninf)
    x$fpl$fretinf                            0x0800417e   Section       10  fretinf.o(x$fpl$fretinf)
    x$fpl$frleqf                             0x08004188   Section       98  frleqf.o(x$fpl$frleqf)
    x$fpl$fsub                               0x080041ec   Section      234  faddsub_clz.o(x$fpl$fsub)
    _fsub1                                   0x080041fb   Thumb Code     0  faddsub_clz.o(x$fpl$fsub)
    x$fpl$usenofp                            0x080042d6   Section        0  usenofp.o(x$fpl$usenofp)
    .constdata                               0x080042d8   Section       32  app_state.o(.constdata)
    .constdata                               0x080042f8   Section     1520  oled.o(.constdata)
    .conststring                             0x080048e8   Section       30  app_state.o(.conststring)
    locale$$data                             0x08004928   Section      272  lc_ctype_c.o(locale$$data)
    __lcctype_c_name                         0x0800492c   Data           2  lc_ctype_c.o(locale$$data)
    __lcctype_c_start                        0x08004934   Data           0  lc_ctype_c.o(locale$$data)
    __lcctype_c_end                          0x08004a38   Data           0  lc_ctype_c.o(locale$$data)
    .data                                    0x20000000   Section       20  system_stm32f10x.o(.data)
    .data                                    0x20000014   Section       20  main.o(.data)
    last_adc                                 0x20000020   Data           4  main.o(.data)
    last_dht                                 0x20000024   Data           4  main.o(.data)
    .data                                    0x20000028   Section       12  app_data.o(.data)
    last_temp_status                         0x20000029   Data           1  app_data.o(.data)
    last_humi_status                         0x2000002a   Data           1  app_data.o(.data)
    last_light_status                        0x2000002b   Data           1  app_data.o(.data)
    last_soil_status                         0x2000002c   Data           1  app_data.o(.data)
    duty                                     0x2000002e   Data           2  app_data.o(.data)
    last_light                               0x20000030   Data           4  app_data.o(.data)
    .data                                    0x20000034   Section       40  app_state.o(.data)
    last_toggle                              0x20000038   Data           4  app_state.o(.data)
    buzzer_state                             0x2000003c   Data           1  app_state.o(.data)
    last_draw                                0x20000040   Data           4  app_state.o(.data)
    last_draw                                0x20000044   Data           4  app_state.o(.data)
    last_draw                                0x20000048   Data           4  app_state.o(.data)
    save_tip_time                            0x2000004c   Data           4  app_state.o(.data)
    save_tip_flag                            0x20000050   Data           1  app_state.o(.data)
    last_draw                                0x20000054   Data           4  app_state.o(.data)
    last_report                              0x20000058   Data           4  app_state.o(.data)
    .data                                    0x2000005c   Section        1  app_uart_protocol.o(.data)
    g_control_mode                           0x2000005c   Data           1  app_uart_protocol.o(.data)
    .data                                    0x2000005d   Section       20  stm32f10x_rcc.o(.data)
    APBAHBPrescTable                         0x2000005d   Data          16  stm32f10x_rcc.o(.data)
    ADCPrescTable                            0x2000006d   Data           4  stm32f10x_rcc.o(.data)
    .data                                    0x20000071   Section        1  bsp_pwm.o(.data)
    pwm_duty                                 0x20000071   Data           1  bsp_pwm.o(.data)
    .data                                    0x20000074   Section        8  encoder.o(.data)
    enc_count                                0x20000074   Data           2  encoder.o(.data)
    enc_event                                0x20000076   Data           1  encoder.o(.data)
    last_time                                0x20000078   Data           4  encoder.o(.data)
    .data                                    0x2000007c   Section       17  key.o(.data)
    key1_state                               0x2000007c   Data           1  key.o(.data)
    key1_press_time                          0x20000080   Data           4  key.o(.data)
    key1_long_flag                           0x20000084   Data           1  key.o(.data)
    key2_state                               0x20000085   Data           1  key.o(.data)
    key2_press_time                          0x20000088   Data           4  key.o(.data)
    key2_long_flag                           0x2000008c   Data           1  key.o(.data)
    .data                                    0x20000090   Section        8  uart.o(.data)
    rx_last_time                             0x20000094   Data           4  uart.o(.data)
    .data                                    0x20000098   Section        4  systick.o(.data)
    sys_tick_ms                              0x20000098   Data           4  systick.o(.data)
    .bss                                     0x2000009c   Section       36  app_data.o(.bss)
    .bss                                     0x200000c0   Section      128  uart.o(.bss)
    .bss                                     0x20000140   Section       96  libspace.o(.bss)
    HEAP                                     0x200001a0   Section      512  startup_stm32f10x_md.o(HEAP)
    Heap_Mem                                 0x200001a0   Data         512  startup_stm32f10x_md.o(HEAP)
    STACK                                    0x200003a0   Section     1024  startup_stm32f10x_md.o(STACK)
    Stack_Mem                                0x200003a0   Data        1024  startup_stm32f10x_md.o(STACK)
    __initial_sp                             0x200007a0   Data           0  startup_stm32f10x_md.o(STACK)

    Global Symbols

    Symbol Name                              Value     Ov Type        Size  Object(Section)

    BuildAttributes$$THM_ISAv4$P$D$K$B$S$PE$A:L22UL41UL21$X:L11$S22US41US21$IEEE1$IW$USESV6$~STKCKD$USESV7$~SHL$OSPACE$ROPI$EBA8$UX$STANDARDLIB$REQ8$PRES8$EABIv2 0x00000000   Number         0  anon$$obj.o ABSOLUTE
    __ARM_use_no_argv                        0x00000000   Number         0  main.o ABSOLUTE
    __ARM_exceptions_init                     - Undefined Weak Reference
    __alloca_initialize                       - Undefined Weak Reference
    __arm_fini_                               - Undefined Weak Reference
    __arm_preinit_                            - Undefined Weak Reference
    __cpp_initialize__aeabi_                  - Undefined Weak Reference
    __cxa_finalize                            - Undefined Weak Reference
    __sigvec_lookup                           - Undefined Weak Reference
    _atexit_init                              - Undefined Weak Reference
    _call_atexit_fns                          - Undefined Weak Reference
    _clock_init                               - Undefined Weak Reference
    _fp_trap_init                             - Undefined Weak Reference
    _fp_trap_shutdown                         - Undefined Weak Reference
    _get_lc_collate                           - Undefined Weak Reference
    _get_lc_monetary                          - Undefined Weak Reference
    _get_lc_numeric                           - Undefined Weak Reference
    _get_lc_time                              - Undefined Weak Reference
    _getenv_init                              - Undefined Weak Reference
    _handle_redirection                       - Undefined Weak Reference
    _init_alloc                               - Undefined Weak Reference
    _init_user_alloc                          - Undefined Weak Reference
    _initio                                   - Undefined Weak Reference
    _printf_post_padding                      - Undefined Weak Reference
    _printf_pre_padding                       - Undefined Weak Reference
    _printf_truncate_signed                   - Undefined Weak Reference
    _printf_truncate_unsigned                 - Undefined Weak Reference
    _rand_init                                - Undefined Weak Reference
    _scanf_longlong                           - Undefined Weak Reference
    _scanf_mbtowc                             - Undefined Weak Reference
    _scanf_real                               - Undefined Weak Reference
    _scanf_wctomb                             - Undefined Weak Reference
    _scanf_wstring                            - Undefined Weak Reference
    _signal_finish                            - Undefined Weak Reference
    _signal_init                              - Undefined Weak Reference
    _terminate_alloc                          - Undefined Weak Reference
    _terminate_user_alloc                     - Undefined Weak Reference
    _terminateio                              - Undefined Weak Reference
    __Vectors_Size                           0x000000ec   Number         0  startup_stm32f10x_md.o ABSOLUTE
    __Vectors                                0x08000000   Data           4  startup_stm32f10x_md.o(RESET)
    __Vectors_End                            0x080000ec   Data           0  startup_stm32f10x_md.o(RESET)
    __main                                   0x080000ed   Thumb Code     8  __main.o(!!!main)
    __scatterload                            0x080000f5   Thumb Code     0  __scatter.o(!!!scatter)
    __scatterload_rt2                        0x080000f5   Thumb Code    44  __scatter.o(!!!scatter)
    __scatterload_rt2_thumb_only             0x080000f5   Thumb Code     0  __scatter.o(!!!scatter)
    __scatterload_null                       0x08000103   Thumb Code     0  __scatter.o(!!!scatter)
    __scatterload_copy                       0x08000129   Thumb Code    26  __scatter_copy.o(!!handler_copy)
    __scatterload_zeroinit                   0x08000145   Thumb Code    28  __scatter_zi.o(!!handler_zi)
    _printf_d                                0x08000161   Thumb Code     0  _printf_d.o(.ARM.Collect$$_printf_percent$$00000009)
    _printf_percent                          0x08000161   Thumb Code     0  _printf_percent.o(.ARM.Collect$$_printf_percent$$00000000)
    _printf_percent_end                      0x08000167   Thumb Code     0  _printf_percent_end.o(.ARM.Collect$$_printf_percent$$00000017)
    __rt_lib_init                            0x0800016b   Thumb Code     0  libinit.o(.ARM.Collect$$libinit$$00000000)
    __rt_lib_init_fp_1                       0x0800016d   Thumb Code     0  libinit2.o(.ARM.Collect$$libinit$$00000002)
    __rt_lib_init_heap_1                     0x0800016d   Thumb Code     0  libinit2.o(.ARM.Collect$$libinit$$0000000A)
    __rt_lib_init_lc_common                  0x0800016d   Thumb Code     0  libinit2.o(.ARM.Collect$$libinit$$0000000F)
    __rt_lib_init_preinit_1                  0x0800016d   Thumb Code     0  libinit2.o(.ARM.Collect$$libinit$$00000004)
    __rt_lib_init_rand_1                     0x0800016d   Thumb Code     0  libinit2.o(.ARM.Collect$$libinit$$0000000E)
    __rt_lib_init_user_alloc_1               0x0800016d   Thumb Code     0  libinit2.o(.ARM.Collect$$libinit$$0000000C)
    __rt_lib_init_lc_collate_1               0x08000173   Thumb Code     0  libinit2.o(.ARM.Collect$$libinit$$00000011)
    __rt_lib_init_lc_ctype_2                 0x08000173   Thumb Code     0  libinit2.o(.ARM.Collect$$libinit$$00000012)
    __rt_lib_init_alloca_1                   0x0800017f   Thumb Code     0  libinit2.o(.ARM.Collect$$libinit$$0000002E)
    __rt_lib_init_argv_1                     0x0800017f   Thumb Code     0  libinit2.o(.ARM.Collect$$libinit$$0000002C)
    __rt_lib_init_atexit_1                   0x0800017f   Thumb Code     0  libinit2.o(.ARM.Collect$$libinit$$0000001B)
    __rt_lib_init_clock_1                    0x0800017f   Thumb Code     0  libinit2.o(.ARM.Collect$$libinit$$00000021)
    __rt_lib_init_cpp_1                      0x0800017f   Thumb Code     0  libinit2.o(.ARM.Collect$$libinit$$00000032)
    __rt_lib_init_exceptions_1               0x0800017f   Thumb Code     0  libinit2.o(.ARM.Collect$$libinit$$00000030)
    __rt_lib_init_fp_trap_1                  0x0800017f   Thumb Code     0  libinit2.o(.ARM.Collect$$libinit$$0000001F)
    __rt_lib_init_getenv_1                   0x0800017f   Thumb Code     0  libinit2.o(.ARM.Collect$$libinit$$00000023)
    __rt_lib_init_lc_ctype_1                 0x0800017f   Thumb Code     0  libinit2.o(.ARM.Collect$$libinit$$00000013)
    __rt_lib_init_lc_monetary_1              0x0800017f   Thumb Code     0  libinit2.o(.ARM.Collect$$libinit$$00000015)
    __rt_lib_init_lc_numeric_1               0x0800017f   Thumb Code     0  libinit2.o(.ARM.Collect$$libinit$$00000017)
    __rt_lib_init_lc_time_1                  0x0800017f   Thumb Code     0  libinit2.o(.ARM.Collect$$libinit$$00000019)
    __rt_lib_init_return                     0x0800017f   Thumb Code     0  libinit2.o(.ARM.Collect$$libinit$$00000033)
    __rt_lib_init_signal_1                   0x0800017f   Thumb Code     0  libinit2.o(.ARM.Collect$$libinit$$0000001D)
    __rt_lib_init_stdio_1                    0x0800017f   Thumb Code     0  libinit2.o(.ARM.Collect$$libinit$$00000025)
    __rt_lib_shutdown                        0x08000181   Thumb Code     0  libshutdown.o(.ARM.Collect$$libshutdown$$00000000)
    __rt_lib_shutdown_cpp_1                  0x08000183   Thumb Code     0  libshutdown2.o(.ARM.Collect$$libshutdown$$00000004)
    __rt_lib_shutdown_fini_1                 0x08000183   Thumb Code     0  libshutdown2.o(.ARM.Collect$$libshutdown$$00000002)
    __rt_lib_shutdown_fp_trap_1              0x08000183   Thumb Code     0  libshutdown2.o(.ARM.Collect$$libshutdown$$00000009)
    __rt_lib_shutdown_heap_1                 0x08000183   Thumb Code     0  libshutdown2.o(.ARM.Collect$$libshutdown$$00000011)
    __rt_lib_shutdown_return                 0x08000183   Thumb Code     0  libshutdown2.o(.ARM.Collect$$libshutdown$$00000012)
    __rt_lib_shutdown_signal_1               0x08000183   Thumb Code     0  libshutdown2.o(.ARM.Collect$$libshutdown$$0000000C)
    __rt_lib_shutdown_stdio_1                0x08000183   Thumb Code     0  libshutdown2.o(.ARM.Collect$$libshutdown$$00000006)
    __rt_lib_shutdown_user_alloc_1           0x08000183   Thumb Code     0  libshutdown2.o(.ARM.Collect$$libshutdown$$0000000E)
    __rt_entry                               0x08000185   Thumb Code     0  __rtentry.o(.ARM.Collect$$rtentry$$00000000)
    __rt_entry_presh_1                       0x08000185   Thumb Code     0  __rtentry2.o(.ARM.Collect$$rtentry$$00000002)
    __rt_entry_sh                            0x08000185   Thumb Code     0  __rtentry4.o(.ARM.Collect$$rtentry$$00000004)
    __rt_entry_li                            0x0800018b   Thumb Code     0  __rtentry2.o(.ARM.Collect$$rtentry$$0000000A)
    __rt_entry_postsh_1                      0x0800018b   Thumb Code     0  __rtentry2.o(.ARM.Collect$$rtentry$$00000009)
    __rt_entry_main                          0x0800018f   Thumb Code     0  __rtentry2.o(.ARM.Collect$$rtentry$$0000000D)
    __rt_entry_postli_1                      0x0800018f   Thumb Code     0  __rtentry2.o(.ARM.Collect$$rtentry$$0000000C)
    __rt_exit                                0x08000197   Thumb Code     0  rtexit.o(.ARM.Collect$$rtexit$$00000000)
    __rt_exit_ls                             0x08000199   Thumb Code     0  rtexit2.o(.ARM.Collect$$rtexit$$00000003)
    __rt_exit_prels_1                        0x08000199   Thumb Code     0  rtexit2.o(.ARM.Collect$$rtexit$$00000002)
    __rt_exit_exit                           0x0800019d   Thumb Code     0  rtexit2.o(.ARM.Collect$$rtexit$$00000004)
    Reset_Handler                            0x080001a5   Thumb Code     8  startup_stm32f10x_md.o(.text)
    ADC1_2_IRQHandler                        0x080001bf   Thumb Code     0  startup_stm32f10x_md.o(.text)
    CAN1_RX1_IRQHandler                      0x080001bf   Thumb Code     0  startup_stm32f10x_md.o(.text)
    CAN1_SCE_IRQHandler                      0x080001bf   Thumb Code     0  startup_stm32f10x_md.o(.text)
    DMA1_Channel1_IRQHandler                 0x080001bf   Thumb Code     0  startup_stm32f10x_md.o(.text)
    DMA1_Channel2_IRQHandler                 0x080001bf   Thumb Code     0  startup_stm32f10x_md.o(.text)
    DMA1_Channel3_IRQHandler                 0x080001bf   Thumb Code     0  startup_stm32f10x_md.o(.text)
    DMA1_Channel4_IRQHandler                 0x080001bf   Thumb Code     0  startup_stm32f10x_md.o(.text)
    DMA1_Channel5_IRQHandler                 0x080001bf   Thumb Code     0  startup_stm32f10x_md.o(.text)
    DMA1_Channel6_IRQHandler                 0x080001bf   Thumb Code     0  startup_stm32f10x_md.o(.text)
    DMA1_Channel7_IRQHandler                 0x080001bf   Thumb Code     0  startup_stm32f10x_md.o(.text)
    EXTI0_IRQHandler                         0x080001bf   Thumb Code     0  startup_stm32f10x_md.o(.text)
    EXTI15_10_IRQHandler                     0x080001bf   Thumb Code     0  startup_stm32f10x_md.o(.text)
    EXTI1_IRQHandler                         0x080001bf   Thumb Code     0  startup_stm32f10x_md.o(.text)
    EXTI2_IRQHandler                         0x080001bf   Thumb Code     0  startup_stm32f10x_md.o(.text)
    EXTI4_IRQHandler                         0x080001bf   Thumb Code     0  startup_stm32f10x_md.o(.text)
    EXTI9_5_IRQHandler                       0x080001bf   Thumb Code     0  startup_stm32f10x_md.o(.text)
    FLASH_IRQHandler                         0x080001bf   Thumb Code     0  startup_stm32f10x_md.o(.text)
    I2C1_ER_IRQHandler                       0x080001bf   Thumb Code     0  startup_stm32f10x_md.o(.text)
    I2C1_EV_IRQHandler                       0x080001bf   Thumb Code     0  startup_stm32f10x_md.o(.text)
    I2C2_ER_IRQHandler                       0x080001bf   Thumb Code     0  startup_stm32f10x_md.o(.text)
    I2C2_EV_IRQHandler                       0x080001bf   Thumb Code     0  startup_stm32f10x_md.o(.text)
    PVD_IRQHandler                           0x080001bf   Thumb Code     0  startup_stm32f10x_md.o(.text)
    RCC_IRQHandler                           0x080001bf   Thumb Code     0  startup_stm32f10x_md.o(.text)
    RTCAlarm_IRQHandler                      0x080001bf   Thumb Code     0  startup_stm32f10x_md.o(.text)
    RTC_IRQHandler                           0x080001bf   Thumb Code     0  startup_stm32f10x_md.o(.text)
    SPI1_IRQHandler                          0x080001bf   Thumb Code     0  startup_stm32f10x_md.o(.text)
    SPI2_IRQHandler                          0x080001bf   Thumb Code     0  startup_stm32f10x_md.o(.text)
    TAMPER_IRQHandler                        0x080001bf   Thumb Code     0  startup_stm32f10x_md.o(.text)
    TIM1_BRK_IRQHandler                      0x080001bf   Thumb Code     0  startup_stm32f10x_md.o(.text)
    TIM1_CC_IRQHandler                       0x080001bf   Thumb Code     0  startup_stm32f10x_md.o(.text)
    TIM1_TRG_COM_IRQHandler                  0x080001bf   Thumb Code     0  startup_stm32f10x_md.o(.text)
    TIM1_UP_IRQHandler                       0x080001bf   Thumb Code     0  startup_stm32f10x_md.o(.text)
    TIM2_IRQHandler                          0x080001bf   Thumb Code     0  startup_stm32f10x_md.o(.text)
    TIM3_IRQHandler                          0x080001bf   Thumb Code     0  startup_stm32f10x_md.o(.text)
    TIM4_IRQHandler                          0x080001bf   Thumb Code     0  startup_stm32f10x_md.o(.text)
    USART2_IRQHandler                        0x080001bf   Thumb Code     0  startup_stm32f10x_md.o(.text)
    USART3_IRQHandler                        0x080001bf   Thumb Code     0  startup_stm32f10x_md.o(.text)
    USBWakeUp_IRQHandler                     0x080001bf   Thumb Code     0  startup_stm32f10x_md.o(.text)
    USB_HP_CAN1_TX_IRQHandler                0x080001bf   Thumb Code     0  startup_stm32f10x_md.o(.text)
    USB_LP_CAN1_RX0_IRQHandler               0x080001bf   Thumb Code     0  startup_stm32f10x_md.o(.text)
    WWDG_IRQHandler                          0x080001bf   Thumb Code     0  startup_stm32f10x_md.o(.text)
    __user_initial_stackheap                 0x080001c1   Thumb Code     0  startup_stm32f10x_md.o(.text)
    __2sprintf                               0x080001e5   Thumb Code    34  noretval__2sprintf.o(.text)
    __printf                                 0x0800020d   Thumb Code   104  __printf.o(.text)
    _printf_int_dec                          0x08000275   Thumb Code   104  _printf_dec.o(.text)
    __0sscanf                                0x080002ed   Thumb Code    52  __0sscanf.o(.text)
    _scanf_int                               0x08000329   Thumb Code   332  _scanf_int.o(.text)
    _scanf_string                            0x08000475   Thumb Code   224  _scanf_str.o(.text)
    strlen                                   0x08000555   Thumb Code    62  strlen.o(.text)
    strncmp                                  0x08000593   Thumb Code   150  strncmp.o(.text)
    strcat                                   0x08000629   Thumb Code    24  strcat.o(.text)
    strcmp                                   0x08000641   Thumb Code   128  strcmpv7m.o(.text)
    __use_two_region_memory                  0x080006c1   Thumb Code     2  heapauxi.o(.text)
    __rt_heap_escrow$2region                 0x080006c3   Thumb Code     2  heapauxi.o(.text)
    __rt_heap_expand$2region                 0x080006c5   Thumb Code     2  heapauxi.o(.text)
    _printf_int_common                       0x080006c7   Thumb Code   178  _printf_intcommon.o(.text)
    _printf_char_common                      0x08000783   Thumb Code    32  _printf_char_common.o(.text)
    _sputc                                   0x080007a9   Thumb Code    10  _sputc.o(.text)
    _chval                                   0x080007b3   Thumb Code    28  _chval.o(.text)
    __vfscanf_char                           0x080007dd   Thumb Code    24  scanf_char.o(.text)
    _sgetc                                   0x080007fd   Thumb Code    30  _sgetc.o(.text)
    _sbackspace                              0x0800081b   Thumb Code    34  _sgetc.o(.text)
    isspace                                  0x0800083d   Thumb Code    18  isspace.o(.text)
    __vfscanf                                0x08000851   Thumb Code   880  _scanf.o(.text)
    __user_setup_stackheap                   0x08000bc5   Thumb Code    74  sys_stackheap_outer.o(.text)
    __rt_ctype_table                         0x08000c11   Thumb Code    16  rt_ctype_table.o(.text)
    exit                                     0x08000c21   Thumb Code    18  exit.o(.text)
    __user_libspace                          0x08000c35   Thumb Code     8  libspace.o(.text)
    __user_perproc_libspace                  0x08000c35   Thumb Code     0  libspace.o(.text)
    __user_perthread_libspace                0x08000c35   Thumb Code     0  libspace.o(.text)
    __rt_locale                              0x08000c3d   Thumb Code     8  rt_locale_intlibspace.o(.text)
    _sys_exit                                0x08000c45   Thumb Code     8  sys_exit.o(.text)
    __I$use$semihosting                      0x08000c51   Thumb Code     0  use_no_semi.o(.text)
    __use_no_semihosting_swi                 0x08000c51   Thumb Code     2  use_no_semi.o(.text)
    __semihosting_library_function           0x08000c53   Thumb Code     0  indicate_semi.o(.text)
    ADC1_Init                                0x08000c55   Thumb Code   136  adc.o(i.ADC1_Init)
    ADC1_ReadChannel                         0x08000ce5   Thumb Code    46  adc.o(i.ADC1_ReadChannel)
    ADC1_ReadChannel_Average                 0x08000d19   Thumb Code    40  adc.o(i.ADC1_ReadChannel_Average)
    ADC_Cmd                                  0x08000d41   Thumb Code    22  stm32f10x_adc.o(i.ADC_Cmd)
    ADC_GetCalibrationStatus                 0x08000d57   Thumb Code    20  stm32f10x_adc.o(i.ADC_GetCalibrationStatus)
    ADC_GetConversionValue                   0x08000d6b   Thumb Code     8  stm32f10x_adc.o(i.ADC_GetConversionValue)
    ADC_GetFlagStatus                        0x08000d73   Thumb Code    18  stm32f10x_adc.o(i.ADC_GetFlagStatus)
    ADC_GetResetCalibrationStatus            0x08000d85   Thumb Code    20  stm32f10x_adc.o(i.ADC_GetResetCalibrationStatus)
    ADC_Init                                 0x08000d99   Thumb Code    70  stm32f10x_adc.o(i.ADC_Init)
    ADC_RegularChannelConfig                 0x08000de9   Thumb Code   184  stm32f10x_adc.o(i.ADC_RegularChannelConfig)
    ADC_ResetCalibration                     0x08000ea1   Thumb Code    10  stm32f10x_adc.o(i.ADC_ResetCalibration)
    ADC_SoftwareStartConvCmd                 0x08000eab   Thumb Code    22  stm32f10x_adc.o(i.ADC_SoftwareStartConvCmd)
    ADC_StartCalibration                     0x08000ec1   Thumb Code    10  stm32f10x_adc.o(i.ADC_StartCalibration)
    Actuator_Init                            0x08000ecd   Thumb Code    58  actuator.o(i.Actuator_Init)
    AdjustThreshold                          0x08000f11   Thumb Code   448  app_data.o(i.AdjustThreshold)
    AutoControl                              0x080010d5   Thumb Code   128  actuator.o(i.AutoControl)
    BusFault_Handler                         0x0800115d   Thumb Code     4  stm32f10x_it.o(i.BusFault_Handler)
    Buzzer_Init                              0x080011dd   Thumb Code    44  buzzer.o(i.Buzzer_Init)
    Buzzer_Off                               0x0800120d   Thumb Code    14  buzzer.o(i.Buzzer_Off)
    Buzzer_On                                0x08001221   Thumb Code    14  buzzer.o(i.Buzzer_On)
    DHT11_Init                               0x0800125d   Thumb Code    24  dht11.o(i.DHT11_Init)
    DHT11_Read                               0x08001279   Thumb Code   212  dht11.o(i.DHT11_Read)
    Data_ActuatorHandler                     0x080013e1   Thumb Code    32  app_data.o(i.Data_ActuatorHandler)
    Data_CountLevel2                         0x08001405   Thumb Code    52  app_data.o(i.Data_CountLevel2)
    Data_Init                                0x0800143d   Thumb Code    38  app_data.o(i.Data_Init)
    Data_ReportStatusChange                  0x08001479   Thumb Code   328  app_data.o(i.Data_ReportStatusChange)
    Data_UpdateStatus                        0x08001749   Thumb Code   148  app_data.o(i.Data_UpdateStatus)
    DebugMon_Handler                         0x080017ed   Thumb Code     2  stm32f10x_it.o(i.DebugMon_Handler)
    DelayMs                                  0x080017ef   Thumb Code    24  systick.o(i.DelayMs)
    EXTI3_IRQHandler                         0x08001c51   Thumb Code    84  encoder.o(i.EXTI3_IRQHandler)
    EXTI_ClearITPendingBit                   0x08001cb1   Thumb Code     6  stm32f10x_exti.o(i.EXTI_ClearITPendingBit)
    EXTI_GetITStatus                         0x08001cbd   Thumb Code    34  stm32f10x_exti.o(i.EXTI_GetITStatus)
    EXTI_Init                                0x08001ce5   Thumb Code   142  stm32f10x_exti.o(i.EXTI_Init)
    Encoder_GetEvent                         0x08001d79   Thumb Code    12  encoder.o(i.Encoder_GetEvent)
    Encoder_Init                             0x08001d89   Thumb Code   118  encoder.o(i.Encoder_Init)
    FLASH_ErasePage                          0x08001e05   Thumb Code    72  stm32f10x_flash.o(i.FLASH_ErasePage)
    FLASH_GetBank1Status                     0x08001e51   Thumb Code    48  stm32f10x_flash.o(i.FLASH_GetBank1Status)
    FLASH_Lock                               0x08001e85   Thumb Code    14  stm32f10x_flash.o(i.FLASH_Lock)
    FLASH_ProgramWord                        0x08001e99   Thumb Code   102  stm32f10x_flash.o(i.FLASH_ProgramWord)
    FLASH_Unlock                             0x08001f05   Thumb Code    12  stm32f10x_flash.o(i.FLASH_Unlock)
    FLASH_WaitForLastOperation               0x08001f1d   Thumb Code    38  stm32f10x_flash.o(i.FLASH_WaitForLastOperation)
    Fan_Off                                  0x08001f45   Thumb Code    12  actuator.o(i.Fan_Off)
    Fan_On                                   0x08001f55   Thumb Code    12  actuator.o(i.Fan_On)
    Flash_LoadThreshold                      0x08001f65   Thumb Code   136  bsp_flash.o(i.Flash_LoadThreshold)
    Flash_SaveThreshold                      0x08001ff9   Thumb Code   166  bsp_flash.o(i.Flash_SaveThreshold)
    GPIO_EXTILineConfig                      0x080020ad   Thumb Code    60  stm32f10x_gpio.o(i.GPIO_EXTILineConfig)
    GPIO_Init                                0x080020ed   Thumb Code   278  stm32f10x_gpio.o(i.GPIO_Init)
    GPIO_PinRemapConfig                      0x08002205   Thumb Code   138  stm32f10x_gpio.o(i.GPIO_PinRemapConfig)
    GPIO_ReadInputDataBit                    0x08002295   Thumb Code    18  stm32f10x_gpio.o(i.GPIO_ReadInputDataBit)
    GPIO_ResetBits                           0x080022a7   Thumb Code     4  stm32f10x_gpio.o(i.GPIO_ResetBits)
    GPIO_SetBits                             0x080022ab   Thumb Code     4  stm32f10x_gpio.o(i.GPIO_SetBits)
    GPIO_WriteBit                            0x080022af   Thumb Code    10  stm32f10x_gpio.o(i.GPIO_WriteBit)
    GetSysTick                               0x080022b9   Thumb Code     6  systick.o(i.GetSysTick)
    HardFault_Handler                        0x080022c5   Thumb Code     4  stm32f10x_it.o(i.HardFault_Handler)
    Humidifier_Off                           0x080022c9   Thumb Code    14  actuator.o(i.Humidifier_Off)
    Humidifier_On                            0x080022dd   Thumb Code    14  actuator.o(i.Humidifier_On)
    KEY1_GetEvent                            0x0800236d   Thumb Code   176  key.o(i.KEY1_GetEvent)
    KEY2_GetEvent                            0x0800242d   Thumb Code   178  key.o(i.KEY2_GetEvent)
    KEY_Init                                 0x080024f1   Thumb Code    54  key.o(i.KEY_Init)
    LightControl                             0x0800252d   Thumb Code   168  app_data.o(i.LightControl)
    MemManage_Handler                        0x080025e1   Thumb Code     4  stm32f10x_it.o(i.MemManage_Handler)
    NMI_Handler                              0x080025e5   Thumb Code     2  stm32f10x_it.o(i.NMI_Handler)
    NVIC_Init                                0x080025e9   Thumb Code   100  misc.o(i.NVIC_Init)
    NVIC_PriorityGroupConfig                 0x08002659   Thumb Code    10  misc.o(i.NVIC_PriorityGroupConfig)
    OLED_Clear                               0x08002695   Thumb Code    42  oled.o(i.OLED_Clear)
    OLED_I2C_Init                            0x080026c1   Thumb Code    84  oled.o(i.OLED_I2C_Init)
    OLED_I2C_SendByte                        0x08002719   Thumb Code    84  oled.o(i.OLED_I2C_SendByte)
    OLED_I2C_Start                           0x08002771   Thumb Code    46  oled.o(i.OLED_I2C_Start)
    OLED_I2C_Stop                            0x080027a5   Thumb Code    36  oled.o(i.OLED_I2C_Stop)
    OLED_Init                                0x080027cd   Thumb Code   174  oled.o(i.OLED_Init)
    OLED_Pow                                 0x0800287b   Thumb Code    20  oled.o(i.OLED_Pow)
    OLED_SetCursor                           0x0800288f   Thumb Code    34  oled.o(i.OLED_SetCursor)
    OLED_ShowChar                            0x080028b1   Thumb Code   110  oled.o(i.OLED_ShowChar)
    OLED_ShowNum                             0x08002925   Thumb Code    68  oled.o(i.OLED_ShowNum)
    OLED_ShowString                          0x08002969   Thumb Code    40  oled.o(i.OLED_ShowString)
    OLED_WriteCommand                        0x08002991   Thumb Code    32  oled.o(i.OLED_WriteCommand)
    OLED_WriteData                           0x080029b1   Thumb Code    32  oled.o(i.OLED_WriteData)
    PWM_GetDuty                              0x080029d1   Thumb Code     6  bsp_pwm.o(i.PWM_GetDuty)
    PWM_Init                                 0x080029dd   Thumb Code   136  bsp_pwm.o(i.PWM_Init)
    PWM_SetDuty                              0x08002a6d   Thumb Code    38  bsp_pwm.o(i.PWM_SetDuty)
    PendSV_Handler                           0x08002a9d   Thumb Code     2  stm32f10x_it.o(i.PendSV_Handler)
    Pump_Off                                 0x08002aa1   Thumb Code    14  actuator.o(i.Pump_Off)
    Pump_On                                  0x08002ab5   Thumb Code    14  actuator.o(i.Pump_On)
    RCC_APB1PeriphClockCmd                   0x08002ac9   Thumb Code    26  stm32f10x_rcc.o(i.RCC_APB1PeriphClockCmd)
    RCC_APB2PeriphClockCmd                   0x08002ae9   Thumb Code    26  stm32f10x_rcc.o(i.RCC_APB2PeriphClockCmd)
    RCC_APB2PeriphResetCmd                   0x08002b09   Thumb Code    26  stm32f10x_rcc.o(i.RCC_APB2PeriphResetCmd)
    RCC_GetClocksFreq                        0x08002b29   Thumb Code   192  stm32f10x_rcc.o(i.RCC_GetClocksFreq)
    SVC_Handler                              0x08002bfd   Thumb Code     2  stm32f10x_it.o(i.SVC_Handler)
    SensorTask                               0x08002c01   Thumb Code   214  main.o(i.SensorTask)
    Servo_Init                               0x08002cf9   Thumb Code   144  servo.o(i.Servo_Init)
    Servo_SetAngle                           0x08002d91   Thumb Code    38  servo.o(i.Servo_SetAngle)
    StateMachine_Init                        0x08002ea5   Thumb Code    20  app_state.o(i.StateMachine_Init)
    StateMachine_Run                         0x08002ec9   Thumb Code   100  app_state.o(i.StateMachine_Run)
    SysTick_Handler                          0x080031cd   Thumb Code     8  stm32f10x_it.o(i.SysTick_Handler)
    SysTick_Handler_Callback                 0x080031d5   Thumb Code    12  systick.o(i.SysTick_Handler_Callback)
    SysTick_Init                             0x080031e5   Thumb Code    78  systick.o(i.SysTick_Init)
    SystemInit                               0x08003239   Thumb Code    78  system_stm32f10x.o(i.SystemInit)
    TIM_ARRPreloadConfig                     0x08003299   Thumb Code    24  stm32f10x_tim.o(i.TIM_ARRPreloadConfig)
    TIM_Cmd                                  0x080032b1   Thumb Code    24  stm32f10x_tim.o(i.TIM_Cmd)
    TIM_CtrlPWMOutputs                       0x080032c9   Thumb Code    30  stm32f10x_tim.o(i.TIM_CtrlPWMOutputs)
    TIM_OC1Init                              0x080032e9   Thumb Code   132  stm32f10x_tim.o(i.TIM_OC1Init)
    TIM_OC1PreloadConfig                     0x08003381   Thumb Code    18  stm32f10x_tim.o(i.TIM_OC1PreloadConfig)
    TIM_OC2Init                              0x08003395   Thumb Code   154  stm32f10x_tim.o(i.TIM_OC2Init)
    TIM_OC2PreloadConfig                     0x08003439   Thumb Code    26  stm32f10x_tim.o(i.TIM_OC2PreloadConfig)
    TIM_SetCompare1                          0x08003453   Thumb Code     4  stm32f10x_tim.o(i.TIM_SetCompare1)
    TIM_SetCompare2                          0x08003457   Thumb Code     4  stm32f10x_tim.o(i.TIM_SetCompare2)
    TIM_TimeBaseInit                         0x0800345d   Thumb Code   122  stm32f10x_tim.o(i.TIM_TimeBaseInit)
    UART1_Init                               0x08003501   Thumb Code   156  uart.o(i.UART1_Init)
    UART1_SendByte                           0x080035a5   Thumb Code    28  uart.o(i.UART1_SendByte)
    UART1_SendString                         0x080035c5   Thumb Code    48  uart.o(i.UART1_SendString)
    UART_CheckFrame                          0x080035f9   Thumb Code    48  uart.o(i.UART_CheckFrame)
    UART_GetControlMode                      0x08003639   Thumb Code     6  app_uart_protocol.o(i.UART_GetControlMode)
    UART_Protocol_Handler                    0x08003645   Thumb Code   500  app_uart_protocol.o(i.UART_Protocol_Handler)
    USART1_IRQHandler                        0x08003905   Thumb Code    98  uart.o(i.USART1_IRQHandler)
    USART_ClearFlag                          0x08003979   Thumb Code    18  stm32f10x_usart.o(i.USART_ClearFlag)
    USART_ClearITPendingBit                  0x0800398b   Thumb Code    30  stm32f10x_usart.o(i.USART_ClearITPendingBit)
    USART_Cmd                                0x080039a9   Thumb Code    24  stm32f10x_usart.o(i.USART_Cmd)
    USART_GetFlagStatus                      0x080039c1   Thumb Code    26  stm32f10x_usart.o(i.USART_GetFlagStatus)
    USART_GetITStatus                        0x080039db   Thumb Code    84  stm32f10x_usart.o(i.USART_GetITStatus)
    USART_ITConfig                           0x08003a2f   Thumb Code    74  stm32f10x_usart.o(i.USART_ITConfig)
    USART_Init                               0x08003a79   Thumb Code   210  stm32f10x_usart.o(i.USART_Init)
    USART_ReceiveData                        0x08003b51   Thumb Code    10  stm32f10x_usart.o(i.USART_ReceiveData)
    USART_SendData                           0x08003b5b   Thumb Code     8  stm32f10x_usart.o(i.USART_SendData)
    UsageFault_Handler                       0x08003b63   Thumb Code     4  stm32f10x_it.o(i.UsageFault_Handler)
    main                                     0x08003b69   Thumb Code   158  main.o(i.main)
    _get_lc_ctype                            0x08003c2d   Thumb Code    44  lc_ctype_c.o(locale$$code)
    __aeabi_fadd                             0x08003c59   Thumb Code     0  faddsub_clz.o(x$fpl$fadd)
    _fadd                                    0x08003c59   Thumb Code   196  faddsub_clz.o(x$fpl$fadd)
    __fpl_fcmp_Inf                           0x08003d1d   Thumb Code    24  fcmpi.o(x$fpl$fcmpinf)
    __aeabi_fdiv                             0x08003d35   Thumb Code     0  fdiv.o(x$fpl$fdiv)
    _fdiv                                    0x08003d35   Thumb Code   384  fdiv.o(x$fpl$fdiv)
    __aeabi_f2iz                             0x08003eb9   Thumb Code     0  ffix.o(x$fpl$ffix)
    _ffix                                    0x08003eb9   Thumb Code    54  ffix.o(x$fpl$ffix)
    __aeabi_f2uiz                            0x08003ef1   Thumb Code     0  ffixu.o(x$fpl$ffixu)
    _ffixu                                   0x08003ef1   Thumb Code    62  ffixu.o(x$fpl$ffixu)
    __aeabi_i2f                              0x08003f31   Thumb Code     0  fflt_clz.o(x$fpl$fflt)
    _fflt                                    0x08003f31   Thumb Code    48  fflt_clz.o(x$fpl$fflt)
    __aeabi_ui2f                             0x08003f61   Thumb Code     0  fflt_clz.o(x$fpl$ffltu)
    _ffltu                                   0x08003f61   Thumb Code    38  fflt_clz.o(x$fpl$ffltu)
    __aeabi_cfcmple                          0x08003f89   Thumb Code     0  fleqf.o(x$fpl$fleqf)
    _fcmple                                  0x08003f89   Thumb Code   104  fleqf.o(x$fpl$fleqf)
    __fpl_fcmple_InfNaN                      0x08003fdb   Thumb Code     0  fleqf.o(x$fpl$fleqf)
    __aeabi_fmul                             0x08003ff1   Thumb Code     0  fmul.o(x$fpl$fmul)
    _fmul                                    0x08003ff1   Thumb Code   258  fmul.o(x$fpl$fmul)
    __fpl_fnaninf                            0x080040f3   Thumb Code   140  fnaninf.o(x$fpl$fnaninf)
    __fpl_fretinf                            0x0800417f   Thumb Code    10  fretinf.o(x$fpl$fretinf)
    __aeabi_cfrcmple                         0x08004189   Thumb Code     0  frleqf.o(x$fpl$frleqf)
    _frcmple                                 0x08004189   Thumb Code    98  frleqf.o(x$fpl$frleqf)
    __aeabi_fsub                             0x080041ed   Thumb Code     0  faddsub_clz.o(x$fpl$fsub)
    _fsub                                    0x080041ed   Thumb Code   234  faddsub_clz.o(x$fpl$fsub)
    __I$use$fp                               0x080042d6   Number         0  usenofp.o(x$fpl$usenofp)
    OLED_F8x16                               0x080042f8   Data        1520  oled.o(.constdata)
    Region$$Table$$Base                      0x08004908   Number         0  anon$$obj.o(Region$$Table)
    Region$$Table$$Limit                     0x08004928   Number         0  anon$$obj.o(Region$$Table)
    __ctype                                  0x08004935   Data           0  lc_ctype_c.o(locale$$data)
    SystemCoreClock                          0x20000000   Data           4  system_stm32f10x.o(.data)
    AHBPrescTable                            0x20000004   Data          16  system_stm32f10x.o(.data)
    g_dht                                    0x20000014   Data           5  main.o(.data)
    g_light                                  0x2000001a   Data           2  main.o(.data)
    g_soil                                   0x2000001c   Data           2  main.o(.data)
    g_soil_percent                           0x2000001e   Data           1  main.o(.data)
    g_sensor_ready                           0x20000028   Data           1  app_data.o(.data)
    g_state                                  0x20000034   Data           1  app_state.o(.data)
    g_selected                               0x20000035   Data           1  app_state.o(.data)
    g_cursor                                 0x20000036   Data           1  app_state.o(.data)
    g_alarm_locked                           0x20000037   Data           1  app_state.o(.data)
    rx_index                                 0x20000090   Data           1  uart.o(.data)
    rx_complete                              0x20000091   Data           1  uart.o(.data)
    g_sensor                                 0x2000009c   Data          10  app_data.o(.bss)
    g_threshold                              0x200000a8   Data          24  app_data.o(.bss)
    rx_buffer                                0x200000c0   Data         128  uart.o(.bss)
    __libspace_start                         0x20000140   Data          96  libspace.o(.bss)
    __temporary_stack_top$libspace           0x200001a0   Data           0  libspace.o(.bss)



==============================================================================

Memory Map of the image

  Image Entry point : 0x080000ed

  Load Region LR_IROM1 (Base: 0x08000000, Size: 0x00004ad4, Max: 0x00010000, ABSOLUTE)

    Execution Region ER_IROM1 (Exec base: 0x08000000, Load base: 0x08000000, Size: 0x00004a38, Max: 0x00010000, ABSOLUTE)

    Exec Addr    Load Addr    Size         Type   Attr      Idx    E Section Name        Object

    0x08000000   0x08000000   0x000000ec   Data   RO            3    RESET               startup_stm32f10x_md.o
    0x080000ec   0x080000ec   0x00000008   Code   RO         4028  * !!!main             c_w.l(__main.o)
    0x080000f4   0x080000f4   0x00000034   Code   RO         4253    !!!scatter          c_w.l(__scatter.o)
    0x08000128   0x08000128   0x0000001a   Code   RO         4255    !!handler_copy      c_w.l(__scatter_copy.o)
    0x08000142   0x08000142   0x00000002   PAD
    0x08000144   0x08000144   0x0000001c   Code   RO         4257    !!handler_zi        c_w.l(__scatter_zi.o)
    0x08000160   0x08000160   0x00000000   Code   RO         4011    .ARM.Collect$$_printf_percent$$00000000  c_w.l(_printf_percent.o)
    0x08000160   0x08000160   0x00000006   Code   RO         4010    .ARM.Collect$$_printf_percent$$00000009  c_w.l(_printf_d.o)
    0x08000166   0x08000166   0x00000004   Code   RO         4067    .ARM.Collect$$_printf_percent$$00000017  c_w.l(_printf_percent_end.o)
    0x0800016a   0x0800016a   0x00000002   Code   RO         4113    .ARM.Collect$$libinit$$00000000  c_w.l(libinit.o)
    0x0800016c   0x0800016c   0x00000000   Code   RO         4128    .ARM.Collect$$libinit$$00000002  c_w.l(libinit2.o)
    0x0800016c   0x0800016c   0x00000000   Code   RO         4130    .ARM.Collect$$libinit$$00000004  c_w.l(libinit2.o)
    0x0800016c   0x0800016c   0x00000000   Code   RO         4133    .ARM.Collect$$libinit$$0000000A  c_w.l(libinit2.o)
    0x0800016c   0x0800016c   0x00000000   Code   RO         4135    .ARM.Collect$$libinit$$0000000C  c_w.l(libinit2.o)
    0x0800016c   0x0800016c   0x00000000   Code   RO         4137    .ARM.Collect$$libinit$$0000000E  c_w.l(libinit2.o)
    0x0800016c   0x0800016c   0x00000006   Code   RO         4138    .ARM.Collect$$libinit$$0000000F  c_w.l(libinit2.o)
    0x08000172   0x08000172   0x00000000   Code   RO         4140    .ARM.Collect$$libinit$$00000011  c_w.l(libinit2.o)
    0x08000172   0x08000172   0x0000000c   Code   RO         4141    .ARM.Collect$$libinit$$00000012  c_w.l(libinit2.o)
    0x0800017e   0x0800017e   0x00000000   Code   RO         4142    .ARM.Collect$$libinit$$00000013  c_w.l(libinit2.o)
    0x0800017e   0x0800017e   0x00000000   Code   RO         4144    .ARM.Collect$$libinit$$00000015  c_w.l(libinit2.o)
    0x0800017e   0x0800017e   0x00000000   Code   RO         4146    .ARM.Collect$$libinit$$00000017  c_w.l(libinit2.o)
    0x0800017e   0x0800017e   0x00000000   Code   RO         4148    .ARM.Collect$$libinit$$00000019  c_w.l(libinit2.o)
    0x0800017e   0x0800017e   0x00000000   Code   RO         4150    .ARM.Collect$$libinit$$0000001B  c_w.l(libinit2.o)
    0x0800017e   0x0800017e   0x00000000   Code   RO         4152    .ARM.Collect$$libinit$$0000001D  c_w.l(libinit2.o)
    0x0800017e   0x0800017e   0x00000000   Code   RO         4154    .ARM.Collect$$libinit$$0000001F  c_w.l(libinit2.o)
    0x0800017e   0x0800017e   0x00000000   Code   RO         4156    .ARM.Collect$$libinit$$00000021  c_w.l(libinit2.o)
    0x0800017e   0x0800017e   0x00000000   Code   RO         4158    .ARM.Collect$$libinit$$00000023  c_w.l(libinit2.o)
    0x0800017e   0x0800017e   0x00000000   Code   RO         4160    .ARM.Collect$$libinit$$00000025  c_w.l(libinit2.o)
    0x0800017e   0x0800017e   0x00000000   Code   RO         4164    .ARM.Collect$$libinit$$0000002C  c_w.l(libinit2.o)
    0x0800017e   0x0800017e   0x00000000   Code   RO         4166    .ARM.Collect$$libinit$$0000002E  c_w.l(libinit2.o)
    0x0800017e   0x0800017e   0x00000000   Code   RO         4168    .ARM.Collect$$libinit$$00000030  c_w.l(libinit2.o)
    0x0800017e   0x0800017e   0x00000000   Code   RO         4170    .ARM.Collect$$libinit$$00000032  c_w.l(libinit2.o)
    0x0800017e   0x0800017e   0x00000002   Code   RO         4171    .ARM.Collect$$libinit$$00000033  c_w.l(libinit2.o)
    0x08000180   0x08000180   0x00000002   Code   RO         4191    .ARM.Collect$$libshutdown$$00000000  c_w.l(libshutdown.o)
    0x08000182   0x08000182   0x00000000   Code   RO         4204    .ARM.Collect$$libshutdown$$00000002  c_w.l(libshutdown2.o)
    0x08000182   0x08000182   0x00000000   Code   RO         4206    .ARM.Collect$$libshutdown$$00000004  c_w.l(libshutdown2.o)
    0x08000182   0x08000182   0x00000000   Code   RO         4208    .ARM.Collect$$libshutdown$$00000006  c_w.l(libshutdown2.o)
    0x08000182   0x08000182   0x00000000   Code   RO         4211    .ARM.Collect$$libshutdown$$00000009  c_w.l(libshutdown2.o)
    0x08000182   0x08000182   0x00000000   Code   RO         4214    .ARM.Collect$$libshutdown$$0000000C  c_w.l(libshutdown2.o)
    0x08000182   0x08000182   0x00000000   Code   RO         4216    .ARM.Collect$$libshutdown$$0000000E  c_w.l(libshutdown2.o)
    0x08000182   0x08000182   0x00000000   Code   RO         4219    .ARM.Collect$$libshutdown$$00000011  c_w.l(libshutdown2.o)
    0x08000182   0x08000182   0x00000002   Code   RO         4220    .ARM.Collect$$libshutdown$$00000012  c_w.l(libshutdown2.o)
    0x08000184   0x08000184   0x00000000   Code   RO         4060    .ARM.Collect$$rtentry$$00000000  c_w.l(__rtentry.o)
    0x08000184   0x08000184   0x00000000   Code   RO         4082    .ARM.Collect$$rtentry$$00000002  c_w.l(__rtentry2.o)
    0x08000184   0x08000184   0x00000006   Code   RO         4094    .ARM.Collect$$rtentry$$00000004  c_w.l(__rtentry4.o)
    0x0800018a   0x0800018a   0x00000000   Code   RO         4084    .ARM.Collect$$rtentry$$00000009  c_w.l(__rtentry2.o)
    0x0800018a   0x0800018a   0x00000004   Code   RO         4085    .ARM.Collect$$rtentry$$0000000A  c_w.l(__rtentry2.o)
    0x0800018e   0x0800018e   0x00000000   Code   RO         4087    .ARM.Collect$$rtentry$$0000000C  c_w.l(__rtentry2.o)
    0x0800018e   0x0800018e   0x00000008   Code   RO         4088    .ARM.Collect$$rtentry$$0000000D  c_w.l(__rtentry2.o)
    0x08000196   0x08000196   0x00000002   Code   RO         4117    .ARM.Collect$$rtexit$$00000000  c_w.l(rtexit.o)
    0x08000198   0x08000198   0x00000000   Code   RO         4173    .ARM.Collect$$rtexit$$00000002  c_w.l(rtexit2.o)
    0x08000198   0x08000198   0x00000004   Code   RO         4174    .ARM.Collect$$rtexit$$00000003  c_w.l(rtexit2.o)
    0x0800019c   0x0800019c   0x00000006   Code   RO         4175    .ARM.Collect$$rtexit$$00000004  c_w.l(rtexit2.o)
    0x080001a2   0x080001a2   0x00000002   PAD
    0x080001a4   0x080001a4   0x00000040   Code   RO            4    .text               startup_stm32f10x_md.o
    0x080001e4   0x080001e4   0x00000028   Code   RO         3984    .text               c_w.l(noretval__2sprintf.o)
    0x0800020c   0x0800020c   0x00000068   Code   RO         3986    .text               c_w.l(__printf.o)
    0x08000274   0x08000274   0x00000078   Code   RO         3988    .text               c_w.l(_printf_dec.o)
    0x080002ec   0x080002ec   0x0000003c   Code   RO         4012    .text               c_w.l(__0sscanf.o)
    0x08000328   0x08000328   0x0000014c   Code   RO         4014    .text               c_w.l(_scanf_int.o)
    0x08000474   0x08000474   0x000000e0   Code   RO         4016    .text               c_w.l(_scanf_str.o)
    0x08000554   0x08000554   0x0000003e   Code   RO         4018    .text               c_w.l(strlen.o)
    0x08000592   0x08000592   0x00000096   Code   RO         4020    .text               c_w.l(strncmp.o)
    0x08000628   0x08000628   0x00000018   Code   RO         4022    .text               c_w.l(strcat.o)
    0x08000640   0x08000640   0x00000080   Code   RO         4024    .text               c_w.l(strcmpv7m.o)
    0x080006c0   0x080006c0   0x00000006   Code   RO         4026    .text               c_w.l(heapauxi.o)
    0x080006c6   0x080006c6   0x000000b2   Code   RO         4061    .text               c_w.l(_printf_intcommon.o)
    0x08000778   0x08000778   0x00000030   Code   RO         4063    .text               c_w.l(_printf_char_common.o)
    0x080007a8   0x080007a8   0x0000000a   Code   RO         4065    .text               c_w.l(_sputc.o)
    0x080007b2   0x080007b2   0x0000001c   Code   RO         4068    .text               c_w.l(_chval.o)
    0x080007ce   0x080007ce   0x00000002   PAD
    0x080007d0   0x080007d0   0x0000002c   Code   RO         4070    .text               c_w.l(scanf_char.o)
    0x080007fc   0x080007fc   0x00000040   Code   RO         4072    .text               c_w.l(_sgetc.o)
    0x0800083c   0x0800083c   0x00000012   Code   RO         4096    .text               c_w.l(isspace.o)
    0x0800084e   0x0800084e   0x00000002   PAD
    0x08000850   0x08000850   0x00000374   Code   RO         4100    .text               c_w.l(_scanf.o)
    0x08000bc4   0x08000bc4   0x0000004a   Code   RO         4102    .text               c_w.l(sys_stackheap_outer.o)
    0x08000c0e   0x08000c0e   0x00000002   PAD
    0x08000c10   0x08000c10   0x00000010   Code   RO         4104    .text               c_w.l(rt_ctype_table.o)
    0x08000c20   0x08000c20   0x00000012   Code   RO         4106    .text               c_w.l(exit.o)
    0x08000c32   0x08000c32   0x00000002   PAD
    0x08000c34   0x08000c34   0x00000008   Code   RO         4114    .text               c_w.l(libspace.o)
    0x08000c3c   0x08000c3c   0x00000008   Code   RO         4122    .text               c_w.l(rt_locale_intlibspace.o)
    0x08000c44   0x08000c44   0x0000000c   Code   RO         4183    .text               c_w.l(sys_exit.o)
    0x08000c50   0x08000c50   0x00000002   Code   RO         4194    .text               c_w.l(use_no_semi.o)
    0x08000c52   0x08000c52   0x00000000   Code   RO         4196    .text               c_w.l(indicate_semi.o)
    0x08000c52   0x08000c52   0x00000002   PAD
    0x08000c54   0x08000c54   0x00000090   Code   RO         3433    i.ADC1_Init         adc.o
    0x08000ce4   0x08000ce4   0x00000034   Code   RO         3435    i.ADC1_ReadChannel  adc.o
    0x08000d18   0x08000d18   0x00000028   Code   RO         3436    i.ADC1_ReadChannel_Average  adc.o
    0x08000d40   0x08000d40   0x00000016   Code   RO          508    i.ADC_Cmd           stm32f10x_adc.o
    0x08000d56   0x08000d56   0x00000014   Code   RO          516    i.ADC_GetCalibrationStatus  stm32f10x_adc.o
    0x08000d6a   0x08000d6a   0x00000008   Code   RO          517    i.ADC_GetConversionValue  stm32f10x_adc.o
    0x08000d72   0x08000d72   0x00000012   Code   RO          519    i.ADC_GetFlagStatus  stm32f10x_adc.o
    0x08000d84   0x08000d84   0x00000014   Code   RO          522    i.ADC_GetResetCalibrationStatus  stm32f10x_adc.o
    0x08000d98   0x08000d98   0x00000050   Code   RO          526    i.ADC_Init          stm32f10x_adc.o
    0x08000de8   0x08000de8   0x000000b8   Code   RO          530    i.ADC_RegularChannelConfig  stm32f10x_adc.o
    0x08000ea0   0x08000ea0   0x0000000a   Code   RO          531    i.ADC_ResetCalibration  stm32f10x_adc.o
    0x08000eaa   0x08000eaa   0x00000016   Code   RO          533    i.ADC_SoftwareStartConvCmd  stm32f10x_adc.o
    0x08000ec0   0x08000ec0   0x0000000a   Code   RO          535    i.ADC_StartCalibration  stm32f10x_adc.o
    0x08000eca   0x08000eca   0x00000002   PAD
    0x08000ecc   0x08000ecc   0x00000044   Code   RO         3849    i.Actuator_Init     actuator.o
    0x08000f10   0x08000f10   0x000001c4   Code   RO          297    i.AdjustThreshold   app_data.o
    0x080010d4   0x080010d4   0x00000088   Code   RO         3850    i.AutoControl       actuator.o
    0x0800115c   0x0800115c   0x00000004   Code   RO          234    i.BusFault_Handler  stm32f10x_it.o
    0x08001160   0x08001160   0x0000007c   Code   RO          361    i.Buzzer_Control    app_state.o
    0x080011dc   0x080011dc   0x00000030   Code   RO         3534    i.Buzzer_Init       buzzer.o
    0x0800120c   0x0800120c   0x00000014   Code   RO         3535    i.Buzzer_Off        buzzer.o
    0x08001220   0x08001220   0x00000014   Code   RO         3536    i.Buzzer_On         buzzer.o
    0x08001234   0x08001234   0x00000018   Code   RO         3472    i.CalcChecksum      bsp_flash.o
    0x0800124c   0x0800124c   0x00000010   Code   RO         3561    i.DHT11_DelayUs     dht11.o
    0x0800125c   0x0800125c   0x0000001c   Code   RO         3562    i.DHT11_Init        dht11.o
    0x08001278   0x08001278   0x000000d8   Code   RO         3563    i.DHT11_Read        dht11.o
    0x08001350   0x08001350   0x0000003e   Code   RO         3564    i.DHT11_ReadByte    dht11.o
    0x0800138e   0x0800138e   0x00000002   PAD
    0x08001390   0x08001390   0x00000010   Code   RO         3565    i.DHT11_ReadPin     dht11.o
    0x080013a0   0x080013a0   0x0000001c   Code   RO         3566    i.DHT11_SetInput    dht11.o
    0x080013bc   0x080013bc   0x00000024   Code   RO         3567    i.DHT11_SetOutput   dht11.o
    0x080013e0   0x080013e0   0x00000024   Code   RO          298    i.Data_ActuatorHandler  app_data.o
    0x08001404   0x08001404   0x00000038   Code   RO          299    i.Data_CountLevel2  app_data.o
    0x0800143c   0x0800143c   0x0000003c   Code   RO          300    i.Data_Init         app_data.o
    0x08001478   0x08001478   0x000002d0   Code   RO          301    i.Data_ReportStatusChange  app_data.o
    0x08001748   0x08001748   0x000000a4   Code   RO          302    i.Data_UpdateStatus  app_data.o
    0x080017ec   0x080017ec   0x00000002   Code   RO          235    i.DebugMon_Handler  stm32f10x_it.o
    0x080017ee   0x080017ee   0x00000018   Code   RO         3930    i.DelayMs           systick.o
    0x08001806   0x08001806   0x00000002   PAD
    0x08001808   0x08001808   0x000001a0   Code   RO          362    i.DrawAdjustScreen  app_state.o
    0x080019a8   0x080019a8   0x00000100   Code   RO          363    i.DrawAlarmScreen   app_state.o
    0x08001aa8   0x08001aa8   0x00000150   Code   RO          364    i.DrawMainScreen    app_state.o
    0x08001bf8   0x08001bf8   0x00000058   Code   RO          365    i.DrawSelectScreen  app_state.o
    0x08001c50   0x08001c50   0x00000060   Code   RO         3607    i.EXTI3_IRQHandler  encoder.o
    0x08001cb0   0x08001cb0   0x0000000c   Code   RO         1264    i.EXTI_ClearITPendingBit  stm32f10x_exti.o
    0x08001cbc   0x08001cbc   0x00000028   Code   RO         1268    i.EXTI_GetITStatus  stm32f10x_exti.o
    0x08001ce4   0x08001ce4   0x00000094   Code   RO         1269    i.EXTI_Init         stm32f10x_exti.o
    0x08001d78   0x08001d78   0x00000010   Code   RO         3609    i.Encoder_GetEvent  encoder.o
    0x08001d88   0x08001d88   0x0000007c   Code   RO         3610    i.Encoder_Init      encoder.o
    0x08001e04   0x08001e04   0x0000004c   Code   RO         1322    i.FLASH_ErasePage   stm32f10x_flash.o
    0x08001e50   0x08001e50   0x00000034   Code   RO         1323    i.FLASH_GetBank1Status  stm32f10x_flash.o
    0x08001e84   0x08001e84   0x00000014   Code   RO         1332    i.FLASH_Lock        stm32f10x_flash.o
    0x08001e98   0x08001e98   0x0000006c   Code   RO         1337    i.FLASH_ProgramWord  stm32f10x_flash.o
    0x08001f04   0x08001f04   0x00000018   Code   RO         1340    i.FLASH_Unlock      stm32f10x_flash.o
    0x08001f1c   0x08001f1c   0x00000026   Code   RO         1344    i.FLASH_WaitForLastOperation  stm32f10x_flash.o
    0x08001f42   0x08001f42   0x00000002   PAD
    0x08001f44   0x08001f44   0x00000010   Code   RO         3851    i.Fan_Off           actuator.o
    0x08001f54   0x08001f54   0x00000010   Code   RO         3852    i.Fan_On            actuator.o
    0x08001f64   0x08001f64   0x00000094   Code   RO         3473    i.Flash_LoadThreshold  bsp_flash.o
    0x08001ff8   0x08001ff8   0x000000b4   Code   RO         3474    i.Flash_SaveThreshold  bsp_flash.o
    0x080020ac   0x080020ac   0x00000040   Code   RO         1614    i.GPIO_EXTILineConfig  stm32f10x_gpio.o
    0x080020ec   0x080020ec   0x00000116   Code   RO         1617    i.GPIO_Init         stm32f10x_gpio.o
    0x08002202   0x08002202   0x00000002   PAD
    0x08002204   0x08002204   0x00000090   Code   RO         1619    i.GPIO_PinRemapConfig  stm32f10x_gpio.o
    0x08002294   0x08002294   0x00000012   Code   RO         1621    i.GPIO_ReadInputDataBit  stm32f10x_gpio.o
    0x080022a6   0x080022a6   0x00000004   Code   RO         1624    i.GPIO_ResetBits    stm32f10x_gpio.o
    0x080022aa   0x080022aa   0x00000004   Code   RO         1625    i.GPIO_SetBits      stm32f10x_gpio.o
    0x080022ae   0x080022ae   0x0000000a   Code   RO         1628    i.GPIO_WriteBit     stm32f10x_gpio.o
    0x080022b8   0x080022b8   0x0000000c   Code   RO         3932    i.GetSysTick        systick.o
    0x080022c4   0x080022c4   0x00000004   Code   RO          236    i.HardFault_Handler  stm32f10x_it.o
    0x080022c8   0x080022c8   0x00000014   Code   RO         3853    i.Humidifier_Off    actuator.o
    0x080022dc   0x080022dc   0x00000014   Code   RO         3854    i.Humidifier_On     actuator.o
    0x080022f0   0x080022f0   0x0000007a   Code   RO          303    i.JudgeStatus       app_data.o
    0x0800236a   0x0800236a   0x00000002   PAD
    0x0800236c   0x0800236c   0x000000c0   Code   RO         3648    i.KEY1_GetEvent     key.o
    0x0800242c   0x0800242c   0x000000c4   Code   RO         3649    i.KEY2_GetEvent     key.o
    0x080024f0   0x080024f0   0x0000003c   Code   RO         3650    i.KEY_Init          key.o
    0x0800252c   0x0800252c   0x000000b4   Code   RO          304    i.LightControl      app_data.o
    0x080025e0   0x080025e0   0x00000004   Code   RO          237    i.MemManage_Handler  stm32f10x_it.o
    0x080025e4   0x080025e4   0x00000002   Code   RO          238    i.NMI_Handler       stm32f10x_it.o
    0x080025e6   0x080025e6   0x00000002   PAD
    0x080025e8   0x080025e8   0x00000070   Code   RO          466    i.NVIC_Init         misc.o
    0x08002658   0x08002658   0x00000014   Code   RO          467    i.NVIC_PriorityGroupConfig  misc.o
    0x0800266c   0x0800266c   0x00000028   Code   RO         3933    i.NVIC_SetPriority  systick.o
    0x08002694   0x08002694   0x0000002a   Code   RO         3677    i.OLED_Clear        oled.o
    0x080026be   0x080026be   0x00000002   PAD
    0x080026c0   0x080026c0   0x00000058   Code   RO         3678    i.OLED_I2C_Init     oled.o
    0x08002718   0x08002718   0x00000058   Code   RO         3679    i.OLED_I2C_SendByte  oled.o
    0x08002770   0x08002770   0x00000034   Code   RO         3680    i.OLED_I2C_Start    oled.o
    0x080027a4   0x080027a4   0x00000028   Code   RO         3681    i.OLED_I2C_Stop     oled.o
    0x080027cc   0x080027cc   0x000000ae   Code   RO         3682    i.OLED_Init         oled.o
    0x0800287a   0x0800287a   0x00000014   Code   RO         3683    i.OLED_Pow          oled.o
    0x0800288e   0x0800288e   0x00000022   Code   RO         3684    i.OLED_SetCursor    oled.o
    0x080028b0   0x080028b0   0x00000074   Code   RO         3686    i.OLED_ShowChar     oled.o
    0x08002924   0x08002924   0x00000044   Code   RO         3688    i.OLED_ShowNum      oled.o
    0x08002968   0x08002968   0x00000028   Code   RO         3690    i.OLED_ShowString   oled.o
    0x08002990   0x08002990   0x00000020   Code   RO         3691    i.OLED_WriteCommand  oled.o
    0x080029b0   0x080029b0   0x00000020   Code   RO         3692    i.OLED_WriteData    oled.o
    0x080029d0   0x080029d0   0x0000000c   Code   RO         3505    i.PWM_GetDuty       bsp_pwm.o
    0x080029dc   0x080029dc   0x00000090   Code   RO         3506    i.PWM_Init          bsp_pwm.o
    0x08002a6c   0x08002a6c   0x00000030   Code   RO         3507    i.PWM_SetDuty       bsp_pwm.o
    0x08002a9c   0x08002a9c   0x00000002   Code   RO          239    i.PendSV_Handler    stm32f10x_it.o
    0x08002a9e   0x08002a9e   0x00000002   PAD
    0x08002aa0   0x08002aa0   0x00000014   Code   RO         3855    i.Pump_Off          actuator.o
    0x08002ab4   0x08002ab4   0x00000014   Code   RO         3856    i.Pump_On           actuator.o
    0x08002ac8   0x08002ac8   0x00000020   Code   RO         2033    i.RCC_APB1PeriphClockCmd  stm32f10x_rcc.o
    0x08002ae8   0x08002ae8   0x00000020   Code   RO         2035    i.RCC_APB2PeriphClockCmd  stm32f10x_rcc.o
    0x08002b08   0x08002b08   0x00000020   Code   RO         2036    i.RCC_APB2PeriphResetCmd  stm32f10x_rcc.o
    0x08002b28   0x08002b28   0x000000d4   Code   RO         2043    i.RCC_GetClocksFreq  stm32f10x_rcc.o
    0x08002bfc   0x08002bfc   0x00000002   Code   RO          240    i.SVC_Handler       stm32f10x_it.o
    0x08002bfe   0x08002bfe   0x00000002   PAD
    0x08002c00   0x08002c00   0x000000f8   Code   RO          137    i.SensorTask        main.o
    0x08002cf8   0x08002cf8   0x00000098   Code   RO         3828    i.Servo_Init        servo.o
    0x08002d90   0x08002d90   0x0000002c   Code   RO         3829    i.Servo_SetAngle    servo.o
    0x08002dbc   0x08002dbc   0x00000008   Code   RO           24    i.SetSysClock       system_stm32f10x.o
    0x08002dc4   0x08002dc4   0x000000e0   Code   RO           25    i.SetSysClockTo72   system_stm32f10x.o
    0x08002ea4   0x08002ea4   0x00000024   Code   RO          366    i.StateMachine_Init  app_state.o
    0x08002ec8   0x08002ec8   0x00000070   Code   RO          367    i.StateMachine_Run  app_state.o
    0x08002f38   0x08002f38   0x000000fc   Code   RO          368    i.State_Adjust      app_state.o
    0x08003034   0x08003034   0x000000b4   Code   RO          369    i.State_AlarmEnv    app_state.o
    0x080030e8   0x080030e8   0x00000068   Code   RO          370    i.State_Main        app_state.o
    0x08003150   0x08003150   0x0000007c   Code   RO          371    i.State_Select      app_state.o
    0x080031cc   0x080031cc   0x00000008   Code   RO          241    i.SysTick_Handler   stm32f10x_it.o
    0x080031d4   0x080031d4   0x00000010   Code   RO         3934    i.SysTick_Handler_Callback  systick.o
    0x080031e4   0x080031e4   0x00000054   Code   RO         3935    i.SysTick_Init      systick.o
    0x08003238   0x08003238   0x00000060   Code   RO           27    i.SystemInit        system_stm32f10x.o
    0x08003298   0x08003298   0x00000018   Code   RO         2655    i.TIM_ARRPreloadConfig  stm32f10x_tim.o
    0x080032b0   0x080032b0   0x00000018   Code   RO         2667    i.TIM_Cmd           stm32f10x_tim.o
    0x080032c8   0x080032c8   0x0000001e   Code   RO         2669    i.TIM_CtrlPWMOutputs  stm32f10x_tim.o
    0x080032e6   0x080032e6   0x00000002   PAD
    0x080032e8   0x080032e8   0x00000098   Code   RO         2696    i.TIM_OC1Init       stm32f10x_tim.o
    0x08003380   0x08003380   0x00000012   Code   RO         2699    i.TIM_OC1PreloadConfig  stm32f10x_tim.o
    0x08003392   0x08003392   0x00000002   PAD
    0x08003394   0x08003394   0x000000a4   Code   RO         2701    i.TIM_OC2Init       stm32f10x_tim.o
    0x08003438   0x08003438   0x0000001a   Code   RO         2704    i.TIM_OC2PreloadConfig  stm32f10x_tim.o
    0x08003452   0x08003452   0x00000004   Code   RO         2728    i.TIM_SetCompare1   stm32f10x_tim.o
    0x08003456   0x08003456   0x00000004   Code   RO         2729    i.TIM_SetCompare2   stm32f10x_tim.o
    0x0800345a   0x0800345a   0x00000002   PAD
    0x0800345c   0x0800345c   0x000000a4   Code   RO         2738    i.TIM_TimeBaseInit  stm32f10x_tim.o
    0x08003500   0x08003500   0x000000a4   Code   RO         3785    i.UART1_Init        uart.o
    0x080035a4   0x080035a4   0x00000020   Code   RO         3786    i.UART1_SendByte    uart.o
    0x080035c4   0x080035c4   0x00000034   Code   RO         3787    i.UART1_SendString  uart.o
    0x080035f8   0x080035f8   0x00000040   Code   RO         3788    i.UART_CheckFrame   uart.o
    0x08003638   0x08003638   0x0000000c   Code   RO          439    i.UART_GetControlMode  app_uart_protocol.o
    0x08003644   0x08003644   0x000002c0   Code   RO          440    i.UART_Protocol_Handler  app_uart_protocol.o
    0x08003904   0x08003904   0x00000074   Code   RO         3789    i.USART1_IRQHandler  uart.o
    0x08003978   0x08003978   0x00000012   Code   RO         3199    i.USART_ClearFlag   stm32f10x_usart.o
    0x0800398a   0x0800398a   0x0000001e   Code   RO         3200    i.USART_ClearITPendingBit  stm32f10x_usart.o
    0x080039a8   0x080039a8   0x00000018   Code   RO         3203    i.USART_Cmd         stm32f10x_usart.o
    0x080039c0   0x080039c0   0x0000001a   Code   RO         3206    i.USART_GetFlagStatus  stm32f10x_usart.o
    0x080039da   0x080039da   0x00000054   Code   RO         3207    i.USART_GetITStatus  stm32f10x_usart.o
    0x08003a2e   0x08003a2e   0x0000004a   Code   RO         3209    i.USART_ITConfig    stm32f10x_usart.o
    0x08003a78   0x08003a78   0x000000d8   Code   RO         3210    i.USART_Init        stm32f10x_usart.o
    0x08003b50   0x08003b50   0x0000000a   Code   RO         3217    i.USART_ReceiveData  stm32f10x_usart.o
    0x08003b5a   0x08003b5a   0x00000008   Code   RO         3220    i.USART_SendData    stm32f10x_usart.o
    0x08003b62   0x08003b62   0x00000004   Code   RO          242    i.UsageFault_Handler  stm32f10x_it.o
    0x08003b66   0x08003b66   0x00000002   PAD
    0x08003b68   0x08003b68   0x000000c4   Code   RO          138    i.main              main.o
    0x08003c2c   0x08003c2c   0x0000002c   Code   RO         4125    locale$$code        c_w.l(lc_ctype_c.o)
    0x08003c58   0x08003c58   0x000000c4   Code   RO         4030    x$fpl$fadd          fz_ws.l(faddsub_clz.o)
    0x08003d1c   0x08003d1c   0x00000018   Code   RO         4074    x$fpl$fcmpinf       fz_ws.l(fcmpi.o)
    0x08003d34   0x08003d34   0x00000184   Code   RO         4037    x$fpl$fdiv          fz_ws.l(fdiv.o)
    0x08003eb8   0x08003eb8   0x00000036   Code   RO         4040    x$fpl$ffix          fz_ws.l(ffix.o)
    0x08003eee   0x08003eee   0x00000002   PAD
    0x08003ef0   0x08003ef0   0x0000003e   Code   RO         4044    x$fpl$ffixu         fz_ws.l(ffixu.o)
    0x08003f2e   0x08003f2e   0x00000002   PAD
    0x08003f30   0x08003f30   0x00000030   Code   RO         4049    x$fpl$fflt          fz_ws.l(fflt_clz.o)
    0x08003f60   0x08003f60   0x00000026   Code   RO         4048    x$fpl$ffltu         fz_ws.l(fflt_clz.o)
    0x08003f86   0x08003f86   0x00000002   PAD
    0x08003f88   0x08003f88   0x00000068   Code   RO         4054    x$fpl$fleqf         fz_ws.l(fleqf.o)
    0x08003ff0   0x08003ff0   0x00000102   Code   RO         4056    x$fpl$fmul          fz_ws.l(fmul.o)
    0x080040f2   0x080040f2   0x0000008c   Code   RO         4076    x$fpl$fnaninf       fz_ws.l(fnaninf.o)
    0x0800417e   0x0800417e   0x0000000a   Code   RO         4078    x$fpl$fretinf       fz_ws.l(fretinf.o)
    0x08004188   0x08004188   0x00000062   Code   RO         4058    x$fpl$frleqf        fz_ws.l(frleqf.o)
    0x080041ea   0x080041ea   0x00000002   PAD
    0x080041ec   0x080041ec   0x000000ea   Code   RO         4032    x$fpl$fsub          fz_ws.l(faddsub_clz.o)
    0x080042d6   0x080042d6   0x00000000   Code   RO         4080    x$fpl$usenofp       fz_ws.l(usenofp.o)
    0x080042d6   0x080042d6   0x00000002   PAD
    0x080042d8   0x080042d8   0x00000020   Data   RO          372    .constdata          app_state.o
    0x080042f8   0x080042f8   0x000005f0   Data   RO         3693    .constdata          oled.o
    0x080048e8   0x080048e8   0x0000001e   Data   RO          373    .conststring        app_state.o
    0x08004906   0x08004906   0x00000002   PAD
    0x08004908   0x08004908   0x00000020   Data   RO         4251    Region$$Table       anon$$obj.o
    0x08004928   0x08004928   0x00000110   Data   RO         4124    locale$$data        c_w.l(lc_ctype_c.o)


    Execution Region RW_IRAM1 (Exec base: 0x20000000, Load base: 0x08004a38, Size: 0x000007a0, Max: 0x00005000, ABSOLUTE)

    Exec Addr    Load Addr    Size         Type   Attr      Idx    E Section Name        Object

    0x20000000   0x08004a38   0x00000014   Data   RW           28    .data               system_stm32f10x.o
    0x20000014   0x08004a4c   0x00000014   Data   RW          140    .data               main.o
    0x20000028   0x08004a60   0x0000000c   Data   RW          306    .data               app_data.o
    0x20000034   0x08004a6c   0x00000028   Data   RW          374    .data               app_state.o
    0x2000005c   0x08004a94   0x00000001   Data   RW          441    .data               app_uart_protocol.o
    0x2000005d   0x08004a95   0x00000014   Data   RW         2063    .data               stm32f10x_rcc.o
    0x20000071   0x08004aa9   0x00000001   Data   RW         3508    .data               bsp_pwm.o
    0x20000072   0x08004aaa   0x00000002   PAD
    0x20000074   0x08004aac   0x00000008   Data   RW         3612    .data               encoder.o
    0x2000007c   0x08004ab4   0x00000011   Data   RW         3651    .data               key.o
    0x2000008d   0x08004ac5   0x00000003   PAD
    0x20000090   0x08004ac8   0x00000008   Data   RW         3791    .data               uart.o
    0x20000098   0x08004ad0   0x00000004   Data   RW         3936    .data               systick.o
    0x2000009c        -       0x00000024   Zero   RW          305    .bss                app_data.o
    0x200000c0        -       0x00000080   Zero   RW         3790    .bss                uart.o
    0x20000140        -       0x00000060   Zero   RW         4115    .bss                c_w.l(libspace.o)
    0x200001a0        -       0x00000200   Zero   RW            2    HEAP                startup_stm32f10x_md.o
    0x200003a0        -       0x00000400   Zero   RW            1    STACK               startup_stm32f10x_md.o


==============================================================================

Image component sizes


      Code (inc. data)   RO Data    RW Data    ZI Data      Debug   Object Name

       316         50          0          0          0       3367   actuator.o
       236         14          0          0          0       1658   adc.o
      1790        454          0         12         36       5519   app_data.o
      2028        472         62         40          0       6520   app_state.o
       716        210          0          1          0       1534   app_uart_protocol.o
       352         26          0          0          0       2420   bsp_flash.o
       204         24          0          1          0       1623   bsp_pwm.o
        88         16          0          0          0       1255   buzzer.o
         0          0          0          0          0       4508   core_cm3.o
       402         22          0          0          0       4134   dht11.o
       236         22          0          8          0       2689   encoder.o
       448         40          0         17          0       2935   key.o
       444         72          0         20          0     217941   main.o
       132         22          0          0          0       1527   misc.o
       826         24       1520          0          0       7193   oled.o
       196         14          0          0          0       1078   servo.o
        64         26        236          0       1536        796   startup_stm32f10x_md.o
       394         10          0          0          0       7677   stm32f10x_adc.o
       200         18          0          0          0       2056   stm32f10x_exti.o
       318         32          0          0          0       4690   stm32f10x_flash.o
       522         10          0          0          0       5468   stm32f10x_gpio.o
        32          0          0          0          0       3538   stm32f10x_it.o
       308         38          0         20          0       4883   stm32f10x_rcc.o
       610         72          0          0          0       6203   stm32f10x_tim.o
       490          6          0          0          0       7045   stm32f10x_usart.o
       328         28          0         20          0      51789   system_stm32f10x.o
       176         24          0          4          0      17780   systick.o
       428         50          0          8        128       3224   uart.o

    ----------------------------------------------------------------------
     12312       1796       1852        156       1700     381050   Object Totals
         0          0         32          0          0          0   (incl. Generated)
        28          0          2          5          0          0   (incl. Padding)

    ----------------------------------------------------------------------

      Code (inc. data)   RO Data    RW Data    ZI Data      Debug   Library Member Name

        60          8          0          0          0         84   __0sscanf.o
         8          0          0          0          0         68   __main.o
       104          0          0          0          0         84   __printf.o
         0          0          0          0          0          0   __rtentry.o
        12          0          0          0          0          0   __rtentry2.o
         6          0          0          0          0          0   __rtentry4.o
        52          8          0          0          0          0   __scatter.o
        26          0          0          0          0          0   __scatter_copy.o
        28          0          0          0          0          0   __scatter_zi.o
        28          0          0          0          0         68   _chval.o
        48          6          0          0          0         96   _printf_char_common.o
         6          0          0          0          0          0   _printf_d.o
       120         16          0          0          0         92   _printf_dec.o
       178          0          0          0          0         88   _printf_intcommon.o
         0          0          0          0          0          0   _printf_percent.o
         4          0          0          0          0          0   _printf_percent_end.o
       884          4          0          0          0        100   _scanf.o
       332          0          0          0          0         96   _scanf_int.o
       224          0          0          0          0         96   _scanf_str.o
        64          0          0          0          0         84   _sgetc.o
        10          0          0          0          0         68   _sputc.o
        18          0          0          0          0         80   exit.o
         6          0          0          0          0        152   heapauxi.o
         0          0          0          0          0          0   indicate_semi.o
        18          0          0          0          0         76   isspace.o
        44         10        272          0          0         76   lc_ctype_c.o
         2          0          0          0          0          0   libinit.o
        20          0          0          0          0          0   libinit2.o
         2          0          0          0          0          0   libshutdown.o
         2          0          0          0          0          0   libshutdown2.o
         8          4          0          0         96         68   libspace.o
        40          6          0          0          0         84   noretval__2sprintf.o
        16          4          0          0          0         76   rt_ctype_table.o
         8          4          0          0          0         68   rt_locale_intlibspace.o
         2          0          0          0          0          0   rtexit.o
        10          0          0          0          0          0   rtexit2.o
        44          8          0          0          0         84   scanf_char.o
        24          0          0          0          0         68   strcat.o
       128          0          0          0          0         68   strcmpv7m.o
        62          0          0          0          0         76   strlen.o
       150          0          0          0          0         80   strncmp.o
        12          4          0          0          0         68   sys_exit.o
        74          0          0          0          0         80   sys_stackheap_outer.o
         2          0          0          0          0         68   use_no_semi.o
       430          8          0          0          0        168   faddsub_clz.o
        24          0          0          0          0         68   fcmpi.o
       388         76          0          0          0         96   fdiv.o
        54          4          0          0          0         84   ffix.o
        62          4          0          0          0         84   ffixu.o
        86          0          0          0          0        136   fflt_clz.o
       104          4          0          0          0         84   fleqf.o
       258          4          0          0          0         84   fmul.o
       140          4          0          0          0         84   fnaninf.o
        10          0          0          0          0         68   fretinf.o
        98          0          0          0          0         68   frleqf.o
         0          0          0          0          0          0   usenofp.o

    ----------------------------------------------------------------------
      4564        186        272          0         96       3320   Library Totals
        24          0          0          0          0          0   (incl. Padding)

    ----------------------------------------------------------------------

      Code (inc. data)   RO Data    RW Data    ZI Data      Debug   Library Name

      2886         82        272          0         96       2296   c_w.l
      1654        104          0          0          0       1024   fz_ws.l

    ----------------------------------------------------------------------
      4564        186        272          0         96       3320   Library Totals

    ----------------------------------------------------------------------

==============================================================================


      Code (inc. data)   RO Data    RW Data    ZI Data      Debug   

     16876       1982       2124        156       1796     375214   Grand Totals
     16876       1982       2124        156       1796     375214   ELF Image Totals
     16876       1982       2124        156          0          0   ROM Totals

==============================================================================

    Total RO  Size (Code + RO Data)                19000 (  18.55kB)
    Total RW  Size (RW Data + ZI Data)              1952 (   1.91kB)
    Total ROM Size (Code + RO Data + RW Data)      19156 (  18.71kB)

==============================================================================

